Archive member included to satisfy reference by file (symbol)

/usr/lib/gcc/avr/11.1.0/avr51/libgcc.a(_exit.o)
                              /usr/lib/gcc/avr/11.1.0/../../../../avr/lib/avr51/crtat90usb1286.o (exit)
/usr/lib/gcc/avr/11.1.0/avr51/libgcc.a(_tablejump2.o)
                              obj_modelm_pjrc/matrix.o (__tablejump2__)
/usr/lib/gcc/avr/11.1.0/avr51/libgcc.a(_copy_data.o)
                              obj_modelm_pjrc/matrix.o (__do_copy_data)
/usr/lib/gcc/avr/11.1.0/avr51/libgcc.a(_clear_bss.o)
                              obj_modelm_pjrc/matrix.o (__do_clear_bss)
/usr/lib/gcc/avr/11.1.0/avr51/libgcc.a(_popcounthi2.o)
                              obj_modelm_pjrc/common/util.o (__popcounthi2)
/usr/lib/gcc/avr/11.1.0/avr51/libgcc.a(_popcountsi2.o)
                              obj_modelm_pjrc/common/util.o (__popcountsi2)
/usr/lib/gcc/avr/11.1.0/avr51/libgcc.a(_popcountqi2.o)
                              /usr/lib/gcc/avr/11.1.0/avr51/libgcc.a(_popcounthi2.o) (__popcountqi2)
/usr/lib/gcc/avr/11.1.0/../../../../avr/lib/avr51/libat90usb1286.a(eerd_byte.o)
                              obj_modelm_pjrc/common/avr/eeconfig.o (eeprom_read_byte)
/usr/lib/gcc/avr/11.1.0/../../../../avr/lib/avr51/libat90usb1286.a(eerd_word.o)
                              obj_modelm_pjrc/common/avr/eeconfig.o (eeprom_read_word)
/usr/lib/gcc/avr/11.1.0/../../../../avr/lib/avr51/libat90usb1286.a(eewr_byte.o)
                              obj_modelm_pjrc/common/avr/eeconfig.o (eeprom_write_byte)
/usr/lib/gcc/avr/11.1.0/../../../../avr/lib/avr51/libat90usb1286.a(eewr_word.o)
                              obj_modelm_pjrc/common/avr/eeconfig.o (eeprom_write_word)
/usr/lib/gcc/avr/11.1.0/../../../../avr/lib/avr51/libat90usb1286.a(eerd_block.o)
                              /usr/lib/gcc/avr/11.1.0/../../../../avr/lib/avr51/libat90usb1286.a(eerd_word.o) (eeprom_read_blraw)

Discarded input sections

 .data          0x0000000000000000        0x0 /usr/lib/gcc/avr/11.1.0/../../../../avr/lib/avr51/crtat90usb1286.o
 .bss           0x0000000000000000        0x0 /usr/lib/gcc/avr/11.1.0/../../../../avr/lib/avr51/crtat90usb1286.o
 .text          0x0000000000000000        0x0 obj_modelm_pjrc/keymap.o
 .data          0x0000000000000000        0x0 obj_modelm_pjrc/keymap.o
 .bss           0x0000000000000000        0x0 obj_modelm_pjrc/keymap.o
 .text          0x0000000000000000        0x0 obj_modelm_pjrc/matrix.o
 .data          0x0000000000000000        0x0 obj_modelm_pjrc/matrix.o
 .bss           0x0000000000000000        0x0 obj_modelm_pjrc/matrix.o
 .text.matrix_rows
                0x0000000000000000        0x6 obj_modelm_pjrc/matrix.o
 .text.matrix_cols
                0x0000000000000000        0x4 obj_modelm_pjrc/matrix.o
 .text.matrix_is_modified
                0x0000000000000000        0xc obj_modelm_pjrc/matrix.o
 .text.matrix_is_on
                0x0000000000000000       0x2a obj_modelm_pjrc/matrix.o
 .text.matrix_key_count
                0x0000000000000000       0x66 obj_modelm_pjrc/matrix.o
 .text          0x0000000000000000        0x0 obj_modelm_pjrc/led.o
 .data          0x0000000000000000        0x0 obj_modelm_pjrc/led.o
 .bss           0x0000000000000000        0x0 obj_modelm_pjrc/led.o
 .text          0x0000000000000000        0x0 obj_modelm_pjrc/protocol/pjrc/main.o
 .data          0x0000000000000000        0x0 obj_modelm_pjrc/protocol/pjrc/main.o
 .bss           0x0000000000000000        0x0 obj_modelm_pjrc/protocol/pjrc/main.o
 .text          0x0000000000000000        0x0 obj_modelm_pjrc/protocol/pjrc/pjrc.o
 .data          0x0000000000000000        0x0 obj_modelm_pjrc/protocol/pjrc/pjrc.o
 .bss           0x0000000000000000        0x0 obj_modelm_pjrc/protocol/pjrc/pjrc.o
 .text          0x0000000000000000        0x0 obj_modelm_pjrc/protocol/pjrc/usb_keyboard.o
 .data          0x0000000000000000        0x0 obj_modelm_pjrc/protocol/pjrc/usb_keyboard.o
 .bss           0x0000000000000000        0x0 obj_modelm_pjrc/protocol/pjrc/usb_keyboard.o
 .text          0x0000000000000000        0x0 obj_modelm_pjrc/protocol/pjrc/usb_debug.o
 .data          0x0000000000000000        0x0 obj_modelm_pjrc/protocol/pjrc/usb_debug.o
 .bss           0x0000000000000000        0x0 obj_modelm_pjrc/protocol/pjrc/usb_debug.o
 .text.usb_debug_flush_output
                0x0000000000000000       0x2e obj_modelm_pjrc/protocol/pjrc/usb_debug.o
 .text          0x0000000000000000        0x0 obj_modelm_pjrc/protocol/pjrc/usb.o
 .data          0x0000000000000000        0x0 obj_modelm_pjrc/protocol/pjrc/usb.o
 .bss           0x0000000000000000        0x0 obj_modelm_pjrc/protocol/pjrc/usb.o
 .text          0x0000000000000000        0x0 obj_modelm_pjrc/protocol/pjrc/usb_extra.o
 .data          0x0000000000000000        0x0 obj_modelm_pjrc/protocol/pjrc/usb_extra.o
 .bss           0x0000000000000000        0x0 obj_modelm_pjrc/protocol/pjrc/usb_extra.o
 .text          0x0000000000000000        0x0 obj_modelm_pjrc/common/host.o
[...]
Memory Configuration

Name             Origin             Length             Attributes
text             0x0000000000000000 0x0000000000020000 xr
data             0x0000000000800100 0x000000000000ff00 rw !x
eeprom           0x0000000000810000 0x0000000000010000 rw !x
fuse             0x0000000000820000 0x0000000000000400 rw !x
lock             0x0000000000830000 0x0000000000000400 rw !x
signature        0x0000000000840000 0x0000000000000400 rw !x
user_signatures  0x0000000000850000 0x0000000000000400 rw !x
*default*        0x0000000000000000 0xffffffffffffffff

Linker script and memory map

Address of section .data set to 0x800100
LOAD /usr/lib/gcc/avr/11.1.0/../../../../avr/lib/avr51/crtat90usb1286.o
LOAD obj_modelm_pjrc/keymap.o
LOAD obj_modelm_pjrc/matrix.o
LOAD obj_modelm_pjrc/led.o
LOAD obj_modelm_pjrc/protocol/pjrc/main.o
LOAD obj_modelm_pjrc/protocol/pjrc/pjrc.o
LOAD obj_modelm_pjrc/protocol/pjrc/usb_keyboard.o
LOAD obj_modelm_pjrc/protocol/pjrc/usb_debug.o
LOAD obj_modelm_pjrc/protocol/pjrc/usb.o
LOAD obj_modelm_pjrc/protocol/pjrc/usb_extra.o
LOAD obj_modelm_pjrc/common/host.o
LOAD obj_modelm_pjrc/common/keyboard.o
LOAD obj_modelm_pjrc/common/action.o
LOAD obj_modelm_pjrc/common/action_tapping.o
LOAD obj_modelm_pjrc/common/action_macro.o
LOAD obj_modelm_pjrc/common/action_layer.o
LOAD obj_modelm_pjrc/common/action_util.o
LOAD obj_modelm_pjrc/common/print.o
LOAD obj_modelm_pjrc/common/debug.o
LOAD obj_modelm_pjrc/common/util.o
LOAD obj_modelm_pjrc/common/hook.o
LOAD obj_modelm_pjrc/common/avr/suspend.o
LOAD obj_modelm_pjrc/common/avr/xprintf.o
LOAD obj_modelm_pjrc/common/avr/timer.o
LOAD obj_modelm_pjrc/common/avr/bootloader.o
LOAD obj_modelm_pjrc/common/keymap.o
LOAD obj_modelm_pjrc/common/bootmagic.o
LOAD obj_modelm_pjrc/common/avr/eeconfig.o
LOAD obj_modelm_pjrc/common/command.o
LOAD /usr/lib/gcc/avr/11.1.0/../../../../avr/lib/avr51/libm.a
START GROUP
LOAD /usr/lib/gcc/avr/11.1.0/avr51/libgcc.a
LOAD /usr/lib/gcc/avr/11.1.0/../../../../avr/lib/avr51/libm.a
LOAD /usr/lib/gcc/avr/11.1.0/../../../../avr/lib/avr51/libc.a
LOAD /usr/lib/gcc/avr/11.1.0/../../../../avr/lib/avr51/libat90usb1286.a
END GROUP
                0x0000000000020000                __TEXT_REGION_LENGTH__ = DEFINED (__TEXT_REGION_LENGTH__)?__TEXT_REGION_LENGTH__:0x20000
                0x000000000000ff00                __DATA_REGION_LENGTH__ = DEFINED (__DATA_REGION_LENGTH__)?__DATA_REGION_LENGTH__:0xff00
                0x0000000000010000                __EEPROM_REGION_LENGTH__ = DEFINED (__EEPROM_REGION_LENGTH__)?__EEPROM_REGION_LENGTH__:0x10000
                0x0000000000000400                __FUSE_REGION_LENGTH__ = DEFINED (__FUSE_REGION_LENGTH__)?__FUSE_REGION_LENGTH__:0x400
                0x0000000000000400                __LOCK_REGION_LENGTH__ = DEFINED (__LOCK_REGION_LENGTH__)?__LOCK_REGION_LENGTH__:0x400
                0x0000000000000400                __SIGNATURE_REGION_LENGTH__ = DEFINED (__SIGNATURE_REGION_LENGTH__)?__SIGNATURE_REGION_LENGTH__:0x400
                0x0000000000000400                __USER_SIGNATURE_REGION_LENGTH__ = DEFINED (__USER_SIGNATURE_REGION_LENGTH__)?__USER_SIGNATURE_REGION_LENGTH__:0x400

.hash
 *(.hash)

.dynsym
 *(.dynsym)

.dynstr
 *(.dynstr)

.gnu.version
 *(.gnu.version)

.gnu.version_d
 *(.gnu.version_d)

.gnu.version_r
 *(.gnu.version_r)

.rel.init
 *(.rel.init)

.rela.init
 *(.rela.init)

.rel.text
 *(.rel.text)
 *(.rel.text.*)
 *(.rel.gnu.linkonce.t*)

.rela.text
 *(.rela.text)
 *(.rela.text.*)
 *(.rela.gnu.linkonce.t*)

.rel.fini
 *(.rel.fini)

.rela.fini
 *(.rela.fini)

.rel.rodata
 *(.rel.rodata)
 *(.rel.rodata.*)
 *(.rel.gnu.linkonce.r*)

.rela.rodata
 *(.rela.rodata)
 *(.rela.rodata.*)
 *(.rela.gnu.linkonce.r*)

.rel.data
 *(.rel.data)
 *(.rel.data.*)
 *(.rel.gnu.linkonce.d*)

.rela.data
 *(.rela.data)
 *(.rela.data.*)
 *(.rela.gnu.linkonce.d*)

.rel.ctors
 *(.rel.ctors)

.rela.ctors
 *(.rela.ctors)

.rel.dtors
 *(.rel.dtors)

.rela.dtors
 *(.rela.dtors)

.rel.got
 *(.rel.got)

.rela.got
 *(.rela.got)

.rel.bss
 *(.rel.bss)

.rela.bss
 *(.rela.bss)

.rel.plt
 *(.rel.plt)

.rela.plt
 *(.rela.plt)

.text           0x0000000000000000     0x3c2a
 *(.vectors)
 .vectors       0x0000000000000000       0x98 /usr/lib/gcc/avr/11.1.0/../../../../avr/lib/avr51/crtat90usb1286.o
                0x0000000000000000                __vectors
                0x0000000000000000                __vector_default
 *(.vectors)
 *(.progmem.gcc*)
                0x0000000000000098                . = ALIGN (0x2)
                0x0000000000000098                __trampolines_start = .
 *(.trampolines)
 .trampolines   0x0000000000000098        0x0 linker stubs
 *(.trampolines*)
                0x0000000000000098                __trampolines_end = .
 *libprintf_flt.a:*(.progmem.data)
 *libc.a:*(.progmem.data)
 *(.progmem.*)
 .progmem.data.keymaps
                0x0000000000000098       0x80 obj_modelm_pjrc/keymap.o
 .progmem.data.__c.0
                0x0000000000000118        0x2 obj_modelm_pjrc/matrix.o
 .progmem.data.__c.1
                0x000000000000011a        0x8 obj_modelm_pjrc/matrix.o
 .progmem.data.__c.2
                0x0000000000000122        0x5 obj_modelm_pjrc/matrix.o
 .progmem.data.__c.3
                0x0000000000000127        0x3 obj_modelm_pjrc/matrix.o
 .progmem.data.__c.4
                0x000000000000012a        0x5 obj_modelm_pjrc/matrix.o
 .progmem.data.__c.5
                0x000000000000012f        0xf obj_modelm_pjrc/matrix.o
 .progmem.data.__c.6
                0x000000000000013e        0x3 obj_modelm_pjrc/matrix.o
 .progmem.data.__c.7
                0x0000000000000141        0x5 obj_modelm_pjrc/matrix.o
 .progmem.data.__c.8
                0x0000000000000146        0xa obj_modelm_pjrc/matrix.o
 .progmem.data.__c.0
                0x0000000000000150        0x2 obj_modelm_pjrc/protocol/pjrc/usb_keyboard.o
 .progmem.data.__c.1
                0x0000000000000152        0x5 obj_modelm_pjrc/protocol/pjrc/usb_keyboard.o
 .progmem.data.__c.2
                0x0000000000000157        0x8 obj_modelm_pjrc/protocol/pjrc/usb_keyboard.o
 .progmem.data.__c.3
                0x000000000000015f        0x2 obj_modelm_pjrc/protocol/pjrc/usb_keyboard.o
 .progmem.data.__c.4
                0x0000000000000161        0x5 obj_modelm_pjrc/protocol/pjrc/usb_keyboard.o
 .progmem.data.__c.5
                0x0000000000000166        0x7 obj_modelm_pjrc/protocol/pjrc/usb_keyboard.o
 .progmem.data.descriptor_list
                0x000000000000016d       0x4d obj_modelm_pjrc/protocol/pjrc/usb.o
 .progmem.data.string2
                0x00000000000001ba       0x16 obj_modelm_pjrc/protocol/pjrc/usb.o
 .progmem.data.string1
                0x00000000000001d0        0xe obj_modelm_pjrc/protocol/pjrc/usb.o
 .progmem.data.string0
                0x00000000000001de        0x4 obj_modelm_pjrc/protocol/pjrc/usb.o
 .progmem.data.config1_descriptor
                0x00000000000001e2       0x54 obj_modelm_pjrc/protocol/pjrc/usb.o
 .progmem.data.extra_hid_report_desc
                0x0000000000000236       0x31 obj_modelm_pjrc/protocol/pjrc/usb.o
 .progmem.data.debug_hid_report_desc
                0x0000000000000267       0x15 obj_modelm_pjrc/protocol/pjrc/usb.o
 .progmem.data.keyboard_hid_report_desc
                0x000000000000027c       0x40 obj_modelm_pjrc/protocol/pjrc/usb.o
 .progmem.data.device_descriptor
                0x00000000000002bc       0x12 obj_modelm_pjrc/protocol/pjrc/usb.o
 .progmem.data.endpoint_config_table
                0x00000000000002ce        0xc obj_modelm_pjrc/protocol/pjrc/usb.o
 .progmem.data.__c.0
                0x00000000000002da        0x2 obj_modelm_pjrc/common/host.o
 .progmem.data.__c.1
                0x00000000000002dc        0x6 obj_modelm_pjrc/common/host.o
 .progmem.data.__c.2
                0x00000000000002e2       0x12 obj_modelm_pjrc/common/host.o
 .progmem.data.__c.0
                0x00000000000002f4        0xb obj_modelm_pjrc/common/keyboard.o
 .progmem.data.__c.0
                0x00000000000002ff        0x7 obj_modelm_pjrc/common/bootmagic.o
 .progmem.data.__c.1
                0x0000000000000306       0x15 obj_modelm_pjrc/common/bootmagic.o
 .progmem.data.__c.0
                0x000000000000031b        0x2 obj_modelm_pjrc/common/command.o
 .progmem.data.__c.1
                0x000000000000031d        0x4 obj_modelm_pjrc/common/command.o
 .progmem.data.__c.2
                0x0000000000000321        0x5 obj_modelm_pjrc/common/command.o
 .progmem.data.__c.3
                0x0000000000000326       0x1b obj_modelm_pjrc/common/command.o
 .progmem.data.__c.4
                0x0000000000000341       0x9d obj_modelm_pjrc/common/command.o
 .progmem.data.__c.5
                0x00000000000003de        0x2 obj_modelm_pjrc/common/command.o
 .progmem.data.__c.6
                0x00000000000003e0        0x3 obj_modelm_pjrc/common/command.o
 .progmem.data.__c.7
                0x00000000000003e3        0x8 obj_modelm_pjrc/common/command.o
 .progmem.data.__c.8
                0x00000000000003eb        0x2 obj_modelm_pjrc/common/command.o
 .progmem.data.__c.9
                0x00000000000003ed        0x3 obj_modelm_pjrc/common/command.o
 .progmem.data.__c.10
                0x00000000000003f0       0x1c obj_modelm_pjrc/common/command.o
 .progmem.data.__c.11
                0x000000000000040c        0x2 obj_modelm_pjrc/common/command.o
 .progmem.data.__c.12
                0x000000000000040e        0x3 obj_modelm_pjrc/common/command.o
 .progmem.data.__c.13
                0x0000000000000411       0x12 obj_modelm_pjrc/common/command.o
 .progmem.data.__c.14
                0x0000000000000423        0x2 obj_modelm_pjrc/common/command.o
 .progmem.data.__c.15
                0x0000000000000425        0x3 obj_modelm_pjrc/common/command.o
 .progmem.data.__c.16
                0x0000000000000428        0xa obj_modelm_pjrc/common/command.o
 .progmem.data.__c.17
                0x0000000000000432        0x2 obj_modelm_pjrc/common/command.o
 .progmem.data.__c.18
                0x0000000000000434        0x3 obj_modelm_pjrc/common/command.o
 .progmem.data.__c.19
                0x0000000000000437       0x12 obj_modelm_pjrc/common/command.o
 .progmem.data.__c.20
                0x0000000000000449        0x2 obj_modelm_pjrc/common/command.o
 .progmem.data.__c.21
                0x000000000000044b        0x3 obj_modelm_pjrc/common/command.o
 .progmem.data.__c.22
                0x000000000000044e       0x12 obj_modelm_pjrc/common/command.o
 .progmem.data.__c.23
                0x0000000000000460        0x2 obj_modelm_pjrc/common/command.o
 .progmem.data.__c.24
                0x0000000000000462        0x3 obj_modelm_pjrc/common/command.o
 .progmem.data.__c.25
                0x0000000000000465       0x17 obj_modelm_pjrc/common/command.o
 .progmem.data.__c.26
                0x000000000000047c        0x2 obj_modelm_pjrc/common/command.o
 .progmem.data.__c.27
                0x000000000000047e        0x3 obj_modelm_pjrc/common/command.o
 .progmem.data.__c.28
                0x0000000000000481       0x19 obj_modelm_pjrc/common/command.o
 .progmem.data.__c.29
                0x000000000000049a        0x2 obj_modelm_pjrc/common/command.o
 .progmem.data.__c.30
                0x000000000000049c        0x5 obj_modelm_pjrc/common/command.o
 .progmem.data.__c.31
                0x00000000000004a1       0x14 obj_modelm_pjrc/common/command.o
 .progmem.data.__c.32
                0x00000000000004b5        0x2 obj_modelm_pjrc/common/command.o
 .progmem.data.__c.33
                0x00000000000004b7        0x3 obj_modelm_pjrc/common/command.o
 .progmem.data.__c.34
                0x00000000000004ba        0x9 obj_modelm_pjrc/common/command.o
 .progmem.data.__c.35
                0x00000000000004c3        0x2 obj_modelm_pjrc/common/command.o
 .progmem.data.__c.36
                0x00000000000004c5        0x3 obj_modelm_pjrc/common/command.o
 .progmem.data.__c.37
                0x00000000000004c8        0xc obj_modelm_pjrc/common/command.o
 .progmem.data.__c.38
                0x00000000000004d4        0x2 obj_modelm_pjrc/common/command.o
 .progmem.data.__c.39
                0x00000000000004d6        0x3 obj_modelm_pjrc/common/command.o
 .progmem.data.__c.40
                0x00000000000004d9        0xa obj_modelm_pjrc/common/command.o
 .progmem.data.__c.41
                0x00000000000004e3        0x2 obj_modelm_pjrc/common/command.o
 .progmem.data.__c.42
                0x00000000000004e5        0x3 obj_modelm_pjrc/common/command.o
 .progmem.data.__c.43
                0x00000000000004e8        0xa obj_modelm_pjrc/common/command.o
 .progmem.data.__c.44
                0x00000000000004f2        0x2 obj_modelm_pjrc/common/command.o
 .progmem.data.__c.45
                0x00000000000004f4        0x5 obj_modelm_pjrc/common/command.o
 .progmem.data.__c.46
                0x00000000000004f9       0x13 obj_modelm_pjrc/common/command.o
 .progmem.data.__c.47
                0x000000000000050c        0x2 obj_modelm_pjrc/common/command.o
 .progmem.data.__c.48
                0x000000000000050e        0x3 obj_modelm_pjrc/common/command.o
 .progmem.data.__c.49
                0x0000000000000511       0x10 obj_modelm_pjrc/common/command.o
 .progmem.data.__c.50
                0x0000000000000521        0x2 obj_modelm_pjrc/common/command.o
 .progmem.data.__c.51
                0x0000000000000523       0x1d obj_modelm_pjrc/common/command.o
 .progmem.data.__c.52
                0x0000000000000540       0x17 obj_modelm_pjrc/common/command.o
 .progmem.data.__c.53
                0x0000000000000557        0xb obj_modelm_pjrc/common/command.o
 .progmem.data.__c.54
                0x0000000000000562        0xb obj_modelm_pjrc/common/command.o
 .progmem.data.__c.55
                0x000000000000056d        0xb obj_modelm_pjrc/common/command.o
 .progmem.data.__c.56
                0x0000000000000578       0x17 obj_modelm_pjrc/common/command.o
 .progmem.data.__c.57
                0x000000000000058f       0x13 obj_modelm_pjrc/common/command.o
 .progmem.data.__c.58
                0x00000000000005a2       0x17 obj_modelm_pjrc/common/command.o
 .progmem.data.__c.59
                0x00000000000005b9       0x1a obj_modelm_pjrc/common/command.o
 .progmem.data.__c.60
                0x00000000000005d3        0xe obj_modelm_pjrc/common/command.o
 .progmem.data.__c.61
                0x00000000000005e1       0x2d obj_modelm_pjrc/common/command.o
 .progmem.data.__c.62
                0x000000000000060e       0x37 obj_modelm_pjrc/common/command.o
 .progmem.data.__c.63
                0x0000000000000645       0x2d obj_modelm_pjrc/common/command.o
 .progmem.data.__c.64
                0x0000000000000672       0x37 obj_modelm_pjrc/common/command.o
 .progmem.data.__c.65
                0x00000000000006a9       0x3f obj_modelm_pjrc/common/command.o
 .progmem.data.__c.66
                0x00000000000006e8        0xf obj_modelm_pjrc/common/command.o
 .progmem.data.__c.67
                0x00000000000006f7        0xd obj_modelm_pjrc/common/command.o
 .progmem.data.__c.68
                0x0000000000000704        0xc obj_modelm_pjrc/common/command.o
 .progmem.data.__c.69
                0x0000000000000710       0x10 obj_modelm_pjrc/common/command.o
 .progmem.data.__c.70
                0x0000000000000720        0xf obj_modelm_pjrc/common/command.o
 .progmem.data.__c.71
                0x000000000000072f        0xe obj_modelm_pjrc/common/command.o
 .progmem.data.__c.72
                0x000000000000073d        0xd obj_modelm_pjrc/common/command.o
 .progmem.data.__c.73
                0x000000000000074a        0xc obj_modelm_pjrc/common/command.o
 .progmem.data.__c.74
                0x0000000000000756        0xd obj_modelm_pjrc/common/command.o
 .progmem.data.__c.75
                0x0000000000000763       0x11 obj_modelm_pjrc/common/command.o
 .progmem.data.__c.76
                0x0000000000000774        0x4 obj_modelm_pjrc/common/command.o
 .progmem.data.__c.77
                0x0000000000000778        0xb obj_modelm_pjrc/common/command.o
                0x0000000000000784                . = ALIGN (0x2)
 *fill*         0x0000000000000783        0x1 
 *(.lowtext)
 *(.lowtext*)
                0x0000000000000784                __ctors_start = .
 *(.ctors)
                0x0000000000000784                __ctors_end = .
                0x0000000000000784                __dtors_start = .
 *(.dtors)
                0x0000000000000784                __dtors_end = .
 SORT_BY_NAME(*)(.ctors)
 SORT_BY_NAME(*)(.dtors)
 *(.init0)
 .init0         0x0000000000000784        0x0 /usr/lib/gcc/avr/11.1.0/../../../../avr/lib/avr51/crtat90usb1286.o
                0x0000000000000784                __init
 *(.init0)
 *(.init1)
 *(.init1)
 *(.init2)
 .init2         0x0000000000000784        0xc /usr/lib/gcc/avr/11.1.0/../../../../avr/lib/avr51/crtat90usb1286.o
 *(.init2)
 *(.init3)
 .init3         0x0000000000000790       0x54 obj_modelm_pjrc/common/avr/bootloader.o
                0x0000000000000790                bootloader_jump_after_watchdog_reset
 *(.init3)
 *(.init4)
 .init4         0x00000000000007e4       0x1a /usr/lib/gcc/avr/11.1.0/avr51/libgcc.a(_copy_data.o)
                0x00000000000007e4                __do_copy_data
 .init4         0x00000000000007fe       0x10 /usr/lib/gcc/avr/11.1.0/avr51/libgcc.a(_clear_bss.o)
                0x00000000000007fe                __do_clear_bss
 *(.init4)
 *(.init5)
 *(.init5)
 *(.init6)
 *(.init6)
 *(.init7)
 *(.init7)
 *(.init8)
 *(.init8)
 *(.init9)
 .init9         0x000000000000080e        0x8 /usr/lib/gcc/avr/11.1.0/../../../../avr/lib/avr51/crtat90usb1286.o
 *(.init9)
 *(.text)
 .text          0x0000000000000816        0x4 /usr/lib/gcc/avr/11.1.0/../../../../avr/lib/avr51/crtat90usb1286.o
                0x0000000000000816                __vector_22
                0x0000000000000816                __vector_28
                0x0000000000000816                __vector_1
                0x0000000000000816                __vector_32
                0x0000000000000816                __vector_34
                0x0000000000000816                __vector_24
                0x0000000000000816                __bad_interrupt
                0x0000000000000816                __vector_6
                0x0000000000000816                __vector_31
                0x0000000000000816                __vector_35
                0x0000000000000816                __vector_3
                0x0000000000000816                __vector_23
                0x0000000000000816                __vector_30
                0x0000000000000816                __vector_25
                0x0000000000000816                __vector_13
                0x0000000000000816                __vector_17
                0x0000000000000816                __vector_19
                0x0000000000000816                __vector_7
                0x0000000000000816                __vector_27
                0x0000000000000816                __vector_5
                0x0000000000000816                __vector_33
                0x0000000000000816                __vector_37
                0x0000000000000816                __vector_4
                0x0000000000000816                __vector_9
                0x0000000000000816                __vector_2
                0x0000000000000816                __vector_15
                0x0000000000000816                __vector_36
                0x0000000000000816                __vector_29
                0x0000000000000816                __vector_8
                0x0000000000000816                __vector_26
                0x0000000000000816                __vector_14
                0x0000000000000816                __vector_16
                0x0000000000000816                __vector_18
                0x0000000000000816                __vector_20
 .text          0x000000000000081a      0x15c obj_modelm_pjrc/common/avr/xprintf.o
                0x000000000000081a                xputc
                0x0000000000000832                xputs
                0x0000000000000840                xitoa
                0x0000000000000964                __xprintf
                0x0000000000000976                . = ALIGN (0x2)
 *(.text.*)
 .text.keymap_key_to_keycode
                0x0000000000000976       0x14 obj_modelm_pjrc/keymap.o
                0x0000000000000976                keymap_key_to_keycode
 .text.keymap_fn_to_action
                0x000000000000098a        0x6 obj_modelm_pjrc/keymap.o
                0x000000000000098a                keymap_fn_to_action
 .text.unselect_cols
                0x0000000000000990       0x1e obj_modelm_pjrc/matrix.o
 .text.matrix_init
                0x00000000000009ae       0x44 obj_modelm_pjrc/matrix.o
                0x00000000000009ae                matrix_init
 .text.matrix_scan
                0x00000000000009f2      0x394 obj_modelm_pjrc/matrix.o
                0x00000000000009f2                matrix_scan
 .text.matrix_get_row
                0x0000000000000d86       0x10 obj_modelm_pjrc/matrix.o
                0x0000000000000d86                matrix_get_row
 .text.matrix_print
                0x0000000000000d96       0xd4 obj_modelm_pjrc/matrix.o
                0x0000000000000d96                matrix_print
 .text.led_set  0x0000000000000e6a       0x26 obj_modelm_pjrc/led.o
                0x0000000000000e6a                led_set
 .text.startup.main
                0x0000000000000e90       0x56 obj_modelm_pjrc/protocol/pjrc/main.o
                0x0000000000000e90                main
 .text.keyboard_leds
                0x0000000000000ee6        0x6 obj_modelm_pjrc/protocol/pjrc/pjrc.o
 .text.send_mouse
                0x0000000000000eec        0x2 obj_modelm_pjrc/protocol/pjrc/pjrc.o
 .text.send_consumer
                0x0000000000000eee        0x4 obj_modelm_pjrc/protocol/pjrc/pjrc.o
 .text.send_system
                0x0000000000000ef2        0x4 obj_modelm_pjrc/protocol/pjrc/pjrc.o
 .text.send_keyboard
                0x0000000000000ef6        0x4 obj_modelm_pjrc/protocol/pjrc/pjrc.o
 .text.pjrc_driver
                0x0000000000000efa        0x6 obj_modelm_pjrc/protocol/pjrc/pjrc.o
                0x0000000000000efa                pjrc_driver
 .text.usb_keyboard_print_report
                0x0000000000000f00       0xac obj_modelm_pjrc/protocol/pjrc/usb_keyboard.o
                0x0000000000000f00                usb_keyboard_print_report
 .text.usb_keyboard_send_report
                0x0000000000000fac       0x7e obj_modelm_pjrc/protocol/pjrc/usb_keyboard.o
                0x0000000000000fac                usb_keyboard_send_report
 .text.sendchar
                0x000000000000102a       0x94 obj_modelm_pjrc/protocol/pjrc/usb_debug.o
                0x000000000000102a                sendchar
 .text.usb_wait_in_ready
                0x00000000000010be        0xa obj_modelm_pjrc/protocol/pjrc/usb.o
 .text.usb_init
                0x00000000000010c8       0x32 obj_modelm_pjrc/protocol/pjrc/usb.o
                0x00000000000010c8                usb_init
 .text.usb_configured
                0x00000000000010fa       0x16 obj_modelm_pjrc/protocol/pjrc/usb.o
                0x00000000000010fa                usb_configured
 .text.usb_remote_wakeup
                0x0000000000001110       0x14 obj_modelm_pjrc/protocol/pjrc/usb.o
                0x0000000000001110                usb_remote_wakeup
 .text.__vector_10
                0x0000000000001124      0x14a obj_modelm_pjrc/protocol/pjrc/usb.o
                0x0000000000001124                __vector_10
 .text.__vector_11
                0x000000000000126e      0x34e obj_modelm_pjrc/protocol/pjrc/usb.o
                0x000000000000126e                __vector_11
 .text.usb_extra_send
                0x00000000000015bc       0x76 obj_modelm_pjrc/protocol/pjrc/usb_extra.o
                0x00000000000015bc                usb_extra_send
 .text.usb_extra_consumer_send
                0x0000000000001632        0x8 obj_modelm_pjrc/protocol/pjrc/usb_extra.o
                0x0000000000001632                usb_extra_consumer_send
 .text.usb_extra_system_send
                0x000000000000163a        0x8 obj_modelm_pjrc/protocol/pjrc/usb_extra.o
                0x000000000000163a                usb_extra_system_send
 .text.host_set_driver
                0x0000000000001642        0xa obj_modelm_pjrc/common/host.o
                0x0000000000001642                host_set_driver
 .text.host_keyboard_leds
                0x000000000000164c       0x18 obj_modelm_pjrc/common/host.o
                0x000000000000164c                host_keyboard_leds
 .text.host_keyboard_send
                0x0000000000001664       0x92 obj_modelm_pjrc/common/host.o
                0x0000000000001664                host_keyboard_send
 .text.host_system_send
                0x00000000000016f6       0x2c obj_modelm_pjrc/common/host.o
                0x00000000000016f6                host_system_send
 .text.host_consumer_send
                0x0000000000001722       0x2c obj_modelm_pjrc/common/host.o
                0x0000000000001722                host_consumer_send
 .text.matrix_setup
                0x000000000000174e        0x2 obj_modelm_pjrc/common/keyboard.o
                0x000000000000174e                matrix_setup
 .text.keyboard_setup
                0x0000000000001750        0x4 obj_modelm_pjrc/common/keyboard.o
                0x0000000000001750                keyboard_setup
 .text.keyboard_init
                0x0000000000001754        0xc obj_modelm_pjrc/common/keyboard.o
                0x0000000000001754                keyboard_init
 .text.keyboard_task
                0x0000000000001760      0x226 obj_modelm_pjrc/common/keyboard.o
                0x0000000000001760                keyboard_task
 .text.keyboard_set_leds
                0x0000000000001986        0x4 obj_modelm_pjrc/common/keyboard.o
                0x0000000000001986                keyboard_set_leds
 .text.action_exec
                0x000000000000198a       0x6e obj_modelm_pjrc/common/action.o
                0x000000000000198a                action_exec
 .text.register_code
                0x00000000000019f8       0x8c obj_modelm_pjrc/common/action.o
                0x00000000000019f8                register_code
 .text.unregister_code
                0x0000000000001a84       0x50 obj_modelm_pjrc/common/action.o
                0x0000000000001a84                unregister_code
 .text.register_mods
                0x0000000000001ad4        0xe obj_modelm_pjrc/common/action.o
                0x0000000000001ad4                register_mods
 .text.unregister_mods
                0x0000000000001ae2        0xe obj_modelm_pjrc/common/action.o
                0x0000000000001ae2                unregister_mods
 .text.process_action
                0x0000000000001af0      0x66e obj_modelm_pjrc/common/action.o
                0x0000000000001af0                process_action
 .text.clear_keyboard_but_mods
                0x000000000000215e       0x1c obj_modelm_pjrc/common/action.o
                0x000000000000215e                clear_keyboard_but_mods
 .text.clear_keyboard
                0x000000000000217a        0x8 obj_modelm_pjrc/common/action.o
                0x000000000000217a                clear_keyboard
 .text.is_tap_key
                0x0000000000002182       0x3e obj_modelm_pjrc/common/action.o
                0x0000000000002182                is_tap_key
 .text.debug_event
                0x00000000000021c0       0x1e obj_modelm_pjrc/common/action.o
                0x00000000000021c0                debug_event
 .text.debug_record
                0x00000000000021de       0x20 obj_modelm_pjrc/common/action.o
                0x00000000000021de                debug_record
 .text.debug_waiting_buffer
                0x00000000000021fe       0x42 obj_modelm_pjrc/common/action_tapping.o
 .text.debug_tapping_key
                0x0000000000002240       0x1c obj_modelm_pjrc/common/action_tapping.o
 .text.waiting_buffer_scan_tap
                0x000000000000225c       0xba obj_modelm_pjrc/common/action_tapping.o
 .text.process_tapping
                0x0000000000002316      0x326 obj_modelm_pjrc/common/action_tapping.o
 .text.action_tapping_process
                0x000000000000263c      0x134 obj_modelm_pjrc/common/action_tapping.o
                0x000000000000263c                action_tapping_process
 .text.action_macro_play
                0x0000000000002770      0x134 obj_modelm_pjrc/common/action_macro.o
                0x0000000000002770                action_macro_play
 .text.default_layer_state_set
                0x00000000000028a4       0x18 obj_modelm_pjrc/common/action_layer.o
 .text.layer_state_set
                0x00000000000028bc       0x18 obj_modelm_pjrc/common/action_layer.o
 .text.default_layer_debug
                0x00000000000028d4        0x2 obj_modelm_pjrc/common/action_layer.o
                0x00000000000028d4                default_layer_debug
 .text.default_layer_set
                0x00000000000028d6        0x4 obj_modelm_pjrc/common/action_layer.o
                0x00000000000028d6                default_layer_set
 .text.default_layer_or
                0x00000000000028da       0x50 obj_modelm_pjrc/common/action_layer.o
                0x00000000000028da                default_layer_or
 .text.default_layer_and
                0x000000000000292a       0x50 obj_modelm_pjrc/common/action_layer.o
                0x000000000000292a                default_layer_and
 .text.default_layer_xor
                0x000000000000297a       0x50 obj_modelm_pjrc/common/action_layer.o
                0x000000000000297a                default_layer_xor
 .text.layer_clear
                0x00000000000029ca        0xa obj_modelm_pjrc/common/action_layer.o
                0x00000000000029ca                layer_clear
 .text.layer_move
                0x00000000000029d4       0x4a obj_modelm_pjrc/common/action_layer.o
                0x00000000000029d4                layer_move
 .text.layer_on
                0x0000000000002a1e       0x62 obj_modelm_pjrc/common/action_layer.o
                0x0000000000002a1e                layer_on
 .text.layer_off
                0x0000000000002a80       0x6a obj_modelm_pjrc/common/action_layer.o
                0x0000000000002a80                layer_off
 .text.layer_invert
                0x0000000000002aea       0x62 obj_modelm_pjrc/common/action_layer.o
                0x0000000000002aea                layer_invert
 .text.layer_or
                0x0000000000002b4c       0x50 obj_modelm_pjrc/common/action_layer.o
                0x0000000000002b4c                layer_or
 .text.layer_and
                0x0000000000002b9c       0x50 obj_modelm_pjrc/common/action_layer.o
                0x0000000000002b9c                layer_and
 .text.layer_xor
                0x0000000000002bec       0x50 obj_modelm_pjrc/common/action_layer.o
                0x0000000000002bec                layer_xor
 .text.layer_debug
                0x0000000000002c3c        0x2 obj_modelm_pjrc/common/action_layer.o
                0x0000000000002c3c                layer_debug
 .text.layer_switch_get_action
                0x0000000000002c3e       0x86 obj_modelm_pjrc/common/action_layer.o
                0x0000000000002c3e                layer_switch_get_action
 .text.add_key  0x0000000000002cc4       0x3a obj_modelm_pjrc/common/action_util.o
                0x0000000000002cc4                add_key
 .text.del_key  0x0000000000002cfe       0x24 obj_modelm_pjrc/common/action_util.o
                0x0000000000002cfe                del_key
 .text.clear_keys
                0x0000000000002d22       0x1c obj_modelm_pjrc/common/action_util.o
                0x0000000000002d22                clear_keys
 .text.get_mods
                0x0000000000002d3e        0x6 obj_modelm_pjrc/common/action_util.o
                0x0000000000002d3e                get_mods
 .text.add_mods
                0x0000000000002d44        0xc obj_modelm_pjrc/common/action_util.o
                0x0000000000002d44                add_mods
 .text.del_mods
                0x0000000000002d50       0x10 obj_modelm_pjrc/common/action_util.o
                0x0000000000002d50                del_mods
 .text.set_mods
                0x0000000000002d60        0x6 obj_modelm_pjrc/common/action_util.o
                0x0000000000002d60                set_mods
 .text.clear_mods
                0x0000000000002d66        0x6 obj_modelm_pjrc/common/action_util.o
                0x0000000000002d66                clear_mods
 .text.add_weak_mods
                0x0000000000002d6c        0xc obj_modelm_pjrc/common/action_util.o
                0x0000000000002d6c                add_weak_mods
 .text.del_weak_mods
                0x0000000000002d78       0x10 obj_modelm_pjrc/common/action_util.o
                0x0000000000002d78                del_weak_mods
 .text.clear_weak_mods
                0x0000000000002d88        0x6 obj_modelm_pjrc/common/action_util.o
                0x0000000000002d88                clear_weak_mods
 .text.set_oneshot_mods
                0x0000000000002d8e        0x6 obj_modelm_pjrc/common/action_util.o
                0x0000000000002d8e                set_oneshot_mods
 .text.clear_oneshot_mods
                0x0000000000002d94        0x6 obj_modelm_pjrc/common/action_util.o
                0x0000000000002d94                clear_oneshot_mods
 .text.has_anykey
                0x0000000000002d9a       0x20 obj_modelm_pjrc/common/action_util.o
                0x0000000000002d9a                has_anykey
 .text.send_keyboard_report
                0x0000000000002dba       0x4c obj_modelm_pjrc/common/action_util.o
                0x0000000000002dba                send_keyboard_report
 .text.print_set_sendchar
                0x0000000000002e06        0xa obj_modelm_pjrc/common/print.o
                0x0000000000002e06                print_set_sendchar
 .text.bitrev   0x0000000000002e10       0x28 obj_modelm_pjrc/common/util.o
                0x0000000000002e10                bitrev
 .text.hook_keyboard_loop
                0x0000000000002e38        0x2 obj_modelm_pjrc/common/hook.o
                0x0000000000002e38                hook_keyboard_loop
 .text.hook_matrix_change
                0x0000000000002e3a       0x1e obj_modelm_pjrc/common/hook.o
                0x0000000000002e3a                hook_matrix_change
 .text.hook_default_layer_change
                0x0000000000002e58        0x2 obj_modelm_pjrc/common/hook.o
                0x0000000000002e58                hook_default_layer_change
 .text.hook_layer_change
                0x0000000000002e5a        0x2 obj_modelm_pjrc/common/hook.o
                0x0000000000002e5a                hook_layer_change
 .text.hook_keyboard_leds_change
                0x0000000000002e5c        0x4 obj_modelm_pjrc/common/hook.o
                0x0000000000002e5c                hook_keyboard_leds_change
 .text.hook_bootmagic
                0x0000000000002e60        0x2 obj_modelm_pjrc/common/hook.o
                0x0000000000002e60                hook_bootmagic
 .text.suspend_power_down
                0x0000000000002e62       0x4a obj_modelm_pjrc/common/avr/suspend.o
                0x0000000000002e62                suspend_power_down
 .text.matrix_power_up
                0x0000000000002eac        0x2 obj_modelm_pjrc/common/avr/suspend.o
                0x0000000000002eac                matrix_power_up
 .text.matrix_power_down
                0x0000000000002eae        0x2 obj_modelm_pjrc/common/avr/suspend.o
                0x0000000000002eae                matrix_power_down
 .text.suspend_wakeup_condition
                0x0000000000002eb0       0x32 obj_modelm_pjrc/common/avr/suspend.o
                0x0000000000002eb0                suspend_wakeup_condition
 .text.suspend_wakeup_init
                0x0000000000002ee2        0x4 obj_modelm_pjrc/common/avr/suspend.o
                0x0000000000002ee2                suspend_wakeup_init
 .text.__vector_12
                0x0000000000002ee6       0x4e obj_modelm_pjrc/common/avr/suspend.o
                0x0000000000002ee6                __vector_12
 .text.timer_init
                0x0000000000002f34       0x12 obj_modelm_pjrc/common/avr/timer.o
                0x0000000000002f34                timer_init
 .text.timer_read
                0x0000000000002f46       0x18 obj_modelm_pjrc/common/avr/timer.o
                0x0000000000002f46                timer_read
 .text.timer_read32
                0x0000000000002f5e       0x40 obj_modelm_pjrc/common/avr/timer.o
                0x0000000000002f5e                timer_read32
 .text.__vector_21
                0x0000000000002f9e       0x46 obj_modelm_pjrc/common/avr/timer.o
                0x0000000000002f9e                __vector_21
 .text.bootloader_jump
                0x0000000000002fe4       0x4a obj_modelm_pjrc/common/avr/bootloader.o
                0x0000000000002fe4                bootloader_jump
 .text.action_for_key
                0x000000000000302e      0x176 obj_modelm_pjrc/common/keymap.o
                0x000000000000302e                action_for_key
 .text.action_get_macro
                0x00000000000031a4        0x6 obj_modelm_pjrc/common/keymap.o
                0x00000000000031a4                action_get_macro
 .text.action_function
                0x00000000000031aa        0x2 obj_modelm_pjrc/common/keymap.o
                0x00000000000031aa                action_function
 .text.scan_key
                0x00000000000031ac       0xa0 obj_modelm_pjrc/common/bootmagic.o
 .text.bootmagic_scan_key
                0x000000000000324c       0x28 obj_modelm_pjrc/common/bootmagic.o
                0x000000000000324c                bootmagic_scan_key
 .text.bootmagic
                0x0000000000003274      0x2ae obj_modelm_pjrc/common/bootmagic.o
                0x0000000000003274                bootmagic
 .text.eeconfig_init
                0x0000000000003522       0x34 obj_modelm_pjrc/common/avr/eeconfig.o
                0x0000000000003522                eeconfig_init
 .text.eeconfig_is_enabled
                0x0000000000003556       0x16 obj_modelm_pjrc/common/avr/eeconfig.o
                0x0000000000003556                eeconfig_is_enabled
 .text.eeconfig_read_debug
                0x000000000000356c        0x8 obj_modelm_pjrc/common/avr/eeconfig.o
                0x000000000000356c                eeconfig_read_debug
 .text.eeconfig_write_debug
                0x0000000000003574        0xa obj_modelm_pjrc/common/avr/eeconfig.o
                0x0000000000003574                eeconfig_write_debug
 .text.eeconfig_read_default_layer
                0x000000000000357e        0x8 obj_modelm_pjrc/common/avr/eeconfig.o
                0x000000000000357e                eeconfig_read_default_layer
 .text.eeconfig_write_default_layer
                0x0000000000003586        0xa obj_modelm_pjrc/common/avr/eeconfig.o
                0x0000000000003586                eeconfig_write_default_layer
 .text.eeconfig_read_keymap
                0x0000000000003590        0x8 obj_modelm_pjrc/common/avr/eeconfig.o
                0x0000000000003590                eeconfig_read_keymap
 .text.eeconfig_write_keymap
                0x0000000000003598        0xa obj_modelm_pjrc/common/avr/eeconfig.o
                0x0000000000003598                eeconfig_write_keymap
 .text.switch_default_layer
                0x00000000000035a2       0x62 obj_modelm_pjrc/common/command.o
 .text.command_common
                0x0000000000003604      0x49e obj_modelm_pjrc/common/command.o
 .text.command_extra
                0x0000000000003aa2        0x4 obj_modelm_pjrc/common/command.o
                0x0000000000003aa2                command_extra
 .text.command_console_extra
                0x0000000000003aa6        0x4 obj_modelm_pjrc/common/command.o
                0x0000000000003aa6                command_console_extra
 .text.command_proc
                0x0000000000003aaa       0x92 obj_modelm_pjrc/common/command.o
                0x0000000000003aaa                command_proc
 .text.libgcc   0x0000000000003b3c       0x12 /usr/lib/gcc/avr/11.1.0/avr51/libgcc.a(_tablejump2.o)
                0x0000000000003b3c                __tablejump2__
 .text.avr-libc
                0x0000000000003b4e       0x10 /usr/lib/gcc/avr/11.1.0/../../../../avr/lib/avr51/libat90usb1286.a(eerd_byte.o)
                0x0000000000003b4e                eeprom_read_byte
 .text.avr-libc
                0x0000000000003b5e        0xc /usr/lib/gcc/avr/11.1.0/../../../../avr/lib/avr51/libat90usb1286.a(eerd_word.o)
                0x0000000000003b5e                eeprom_read_word
 .text.avr-libc
                0x0000000000003b6a       0x1c /usr/lib/gcc/avr/11.1.0/../../../../avr/lib/avr51/libat90usb1286.a(eewr_byte.o)
                0x0000000000003b6a                eeprom_write_byte
                0x0000000000003b6c                eeprom_write_r18
 .text.avr-libc
                0x0000000000003b86        0xa /usr/lib/gcc/avr/11.1.0/../../../../avr/lib/avr51/libat90usb1286.a(eewr_word.o)
                0x0000000000003b86                eeprom_write_word
 .text.avr-libc
                0x0000000000003b90       0x20 /usr/lib/gcc/avr/11.1.0/../../../../avr/lib/avr51/libat90usb1286.a(eerd_block.o)
                0x0000000000003b90                eeprom_read_block
                0x0000000000003b94                eeprom_read_blraw
                0x0000000000003bb0                . = ALIGN (0x2)
 *(.fini9)
 .fini9         0x0000000000003bb0        0x0 /usr/lib/gcc/avr/11.1.0/avr51/libgcc.a(_exit.o)
                0x0000000000003bb0                exit
                0x0000000000003bb0                _exit
 *(.fini9)
 *(.fini8)
 *(.fini8)
 *(.fini7)
 *(.fini7)
 *(.fini6)
 *(.fini6)
 *(.fini5)
 *(.fini5)
 *(.fini4)
 *(.fini4)
 *(.fini3)
 *(.fini3)
 *(.fini2)
 *(.fini2)
 *(.fini1)
 *(.fini1)
 *(.fini0)
 .fini0         0x0000000000003bb0        0x4 /usr/lib/gcc/avr/11.1.0/avr51/libgcc.a(_exit.o)
 *(.fini0)
 *(.hightext)
 *(.hightext*)
 *(.progmemx.*)
                0x0000000000003bb4                . = ALIGN (0x2)
 *(.jumptables)
 *(.jumptables*)
 .jumptables.gcc.matrix_scan
                0x0000000000003bb4        0xe obj_modelm_pjrc/matrix.o
 .jumptables.gcc.process_action
                0x0000000000003bc2       0x20 obj_modelm_pjrc/common/action.o
 .jumptables.gcc.command_common
                0x0000000000003be2       0x48 obj_modelm_pjrc/common/command.o
                0x0000000000003c2a                _etext = .

.data           0x0000000000800100       0x5e load address 0x0000000000003c2a
                0x0000000000800100                PROVIDE (__data_start = .)
 *(.data)
 *(.data*)
 .data.debouncing
                0x0000000000800100        0x1 obj_modelm_pjrc/matrix.o
 .data.driver   0x0000000000800101        0xa obj_modelm_pjrc/protocol/pjrc/pjrc.o
 .data.keyboard_idle
                0x000000000080010b        0x1 obj_modelm_pjrc/protocol/pjrc/usb_keyboard.o
                0x000000000080010b                keyboard_idle
 .data.keyboard_protocol
                0x000000000080010c        0x1 obj_modelm_pjrc/protocol/pjrc/usb_keyboard.o
                0x000000000080010c                keyboard_protocol
 .data.keyboard_report
                0x000000000080010d        0x2 obj_modelm_pjrc/common/action_util.o
                0x000000000080010d                keyboard_report
 *(.gnu.linkonce.d*)
 *(.rodata)
 *(.rodata*)
 .rodata.CSWTCH.32
                0x000000000080010f       0x28 obj_modelm_pjrc/common/action.o
 .rodata.CSWTCH.27
                0x0000000000800137       0x26 obj_modelm_pjrc/common/keymap.o
 *(.gnu.linkonce.r*)
                0x000000000080015e                . = ALIGN (0x2)
 *fill*         0x000000000080015d        0x1 
                0x000000000080015e                _edata = .
                0x000000000080015e                PROVIDE (__data_end = .)

.bss            0x000000000080015e       0xe4
                0x000000000080015e                PROVIDE (__bss_start = .)
 *(.bss)
 .bss           0x000000000080015e        0x2 obj_modelm_pjrc/common/avr/xprintf.o
                0x000000000080015e                xfunc_out
 *(.bss*)
 .bss.matrix_debouncing
                0x0000000000800160       0x20 obj_modelm_pjrc/matrix.o
 .bss.matrix    0x0000000000800180       0x20 obj_modelm_pjrc/matrix.o
 .bss.usb_keyboard_leds
                0x00000000008001a0        0x1 obj_modelm_pjrc/protocol/pjrc/usb_keyboard.o
                0x00000000008001a0                usb_keyboard_leds
 .bss.usb_keyboard_idle_count
                0x00000000008001a1        0x1 obj_modelm_pjrc/protocol/pjrc/usb_keyboard.o
                0x00000000008001a1                usb_keyboard_idle_count
 .bss.previous_timeout.0
                0x00000000008001a2        0x1 obj_modelm_pjrc/protocol/pjrc/usb_debug.o
 .bss.debug_flush_timer
                0x00000000008001a3        0x1 obj_modelm_pjrc/protocol/pjrc/usb_debug.o
                0x00000000008001a3                debug_flush_timer
 .bss.div4.0    0x00000000008001a4        0x1 obj_modelm_pjrc/protocol/pjrc/usb.o
 .bss.usb_configuration
                0x00000000008001a5        0x1 obj_modelm_pjrc/protocol/pjrc/usb.o
 .bss.suspend   0x00000000008001a6        0x1 obj_modelm_pjrc/protocol/pjrc/usb.o
                0x00000000008001a6                suspend
 .bss.remote_wakeup
                0x00000000008001a7        0x1 obj_modelm_pjrc/protocol/pjrc/usb.o
                0x00000000008001a7                remote_wakeup
 .bss.last_consumer_report
                0x00000000008001a8        0x2 obj_modelm_pjrc/common/host.o
 .bss.last_system_report
                0x00000000008001aa        0x2 obj_modelm_pjrc/common/host.o
 .bss.driver    0x00000000008001ac        0x2 obj_modelm_pjrc/common/host.o
 .bss.led_status.1
                0x00000000008001ae        0x1 obj_modelm_pjrc/common/keyboard.o
 .bss.matrix_ghost.2
                0x00000000008001af       0x20 obj_modelm_pjrc/common/keyboard.o
 .bss.matrix_prev.3
                0x00000000008001cf       0x20 obj_modelm_pjrc/common/keyboard.o
 .bss.waiting_buffer_tail
                0x00000000008001ef        0x1 obj_modelm_pjrc/common/action_tapping.o
 .bss.waiting_buffer_head
                0x00000000008001f0        0x1 obj_modelm_pjrc/common/action_tapping.o
 .bss.waiting_buffer
                0x00000000008001f1       0x30 obj_modelm_pjrc/common/action_tapping.o
 .bss.tapping_key
                0x0000000000800221        0x6 obj_modelm_pjrc/common/action_tapping.o
 .bss.layer_state
                0x0000000000800227        0x4 obj_modelm_pjrc/common/action_layer.o
                0x0000000000800227                layer_state
 .bss.default_layer_state
                0x000000000080022b        0x4 obj_modelm_pjrc/common/action_layer.o
                0x000000000080022b                default_layer_state
 .bss.oneshot_mods
                0x000000000080022f        0x1 obj_modelm_pjrc/common/action_util.o
 .bss.__compound_literal.0
                0x0000000000800230        0x8 obj_modelm_pjrc/common/action_util.o
 .bss.weak_mods
                0x0000000000800238        0x1 obj_modelm_pjrc/common/action_util.o
 .bss.real_mods
                0x0000000000800239        0x1 obj_modelm_pjrc/common/action_util.o
 .bss.debug_config
                0x000000000080023a        0x1 obj_modelm_pjrc/common/debug.o
                0x000000000080023a                debug_config
 .bss.wdt_timeout
                0x000000000080023b        0x1 obj_modelm_pjrc/common/avr/suspend.o
 .bss.timer_count
                0x000000000080023c        0x4 obj_modelm_pjrc/common/avr/timer.o
                0x000000000080023c                timer_count
 .bss.keymap_config
                0x0000000000800240        0x1 obj_modelm_pjrc/common/bootmagic.o
                0x0000000000800240                keymap_config
 .bss.command_state
                0x0000000000800241        0x1 obj_modelm_pjrc/common/command.o
                0x0000000000800241                command_state
 *(COMMON)
                0x0000000000800242                PROVIDE (__bss_end = .)
                0x0000000000003c2a                __data_load_start = LOADADDR (.data)
                0x0000000000003c88                __data_load_end = (__data_load_start + SIZEOF (.data))

.noinit         0x0000000000800242        0x4
                [!provide]                        PROVIDE (__noinit_start = .)
 *(.noinit .noinit.* .gnu.linkonce.n.*)
 .noinit        0x0000000000800242        0x4 obj_modelm_pjrc/common/avr/bootloader.o
                0x0000000000800242                reset_key
                [!provide]                        PROVIDE (__noinit_end = .)
                0x0000000000800246                _end = .
                [!provide]                        PROVIDE (__heap_start = .)

.eeprom         0x0000000000810000        0x0
 *(.eeprom*)
                0x0000000000810000                __eeprom_end = .

.fuse
 *(.fuse)
 *(.lfuse)
 *(.hfuse)
 *(.efuse)

.lock
 *(.lock*)

.signature
 *(.signature*)

.stab           0x0000000000000000      0x8b8
 *(.stab)
 .stab          0x0000000000000000      0x8b8 obj_modelm_pjrc/common/avr/xprintf.o

.stabstr        0x0000000000000000       0x7c
 *(.stabstr)
 .stabstr       0x0000000000000000       0x7c obj_modelm_pjrc/common/avr/xprintf.o

.stab.excl
 *(.stab.excl)

.stab.exclstr
 *(.stab.exclstr)

.stab.index
 *(.stab.index)

.stab.indexstr
 *(.stab.indexstr)

.comment        0x0000000000000000       0x12
 *(.comment)
 .comment       0x0000000000000000       0x12 obj_modelm_pjrc/keymap.o
                                         0x13 (size before relaxing)
 .comment       0x0000000000000012       0x13 obj_modelm_pjrc/matrix.o
 .comment       0x0000000000000012       0x13 obj_modelm_pjrc/led.o
 .comment       0x0000000000000012       0x13 obj_modelm_pjrc/protocol/pjrc/main.o
 .comment       0x0000000000000012       0x13 obj_modelm_pjrc/protocol/pjrc/pjrc.o
 .comment       0x0000000000000012       0x13 obj_modelm_pjrc/protocol/pjrc/usb_keyboard.o
 .comment       0x0000000000000012       0x13 obj_modelm_pjrc/protocol/pjrc/usb_debug.o
 .comment       0x0000000000000012       0x13 obj_modelm_pjrc/protocol/pjrc/usb.o
 .comment       0x0000000000000012       0x13 obj_modelm_pjrc/protocol/pjrc/usb_extra.o
 .comment       0x0000000000000012       0x13 obj_modelm_pjrc/common/host.o
 .comment       0x0000000000000012       0x13 obj_modelm_pjrc/common/keyboard.o
 .comment       0x0000000000000012       0x13 obj_modelm_pjrc/common/action.o
 .comment       0x0000000000000012       0x13 obj_modelm_pjrc/common/action_tapping.o
 .comment       0x0000000000000012       0x13 obj_modelm_pjrc/common/action_macro.o
 .comment       0x0000000000000012       0x13 obj_modelm_pjrc/common/action_layer.o
 .comment       0x0000000000000012       0x13 obj_modelm_pjrc/common/action_util.o
 .comment       0x0000000000000012       0x13 obj_modelm_pjrc/common/print.o
 .comment       0x0000000000000012       0x13 obj_modelm_pjrc/common/debug.o
 .comment       0x0000000000000012       0x13 obj_modelm_pjrc/common/util.o
 .comment       0x0000000000000012       0x13 obj_modelm_pjrc/common/hook.o
 .comment       0x0000000000000012       0x13 obj_modelm_pjrc/common/avr/suspend.o
 .comment       0x0000000000000012       0x13 obj_modelm_pjrc/common/avr/timer.o
 .comment       0x0000000000000012       0x13 obj_modelm_pjrc/common/avr/bootloader.o
 .comment       0x0000000000000012       0x13 obj_modelm_pjrc/common/keymap.o
 .comment       0x0000000000000012       0x13 obj_modelm_pjrc/common/bootmagic.o
 .comment       0x0000000000000012       0x13 obj_modelm_pjrc/common/avr/eeconfig.o
 .comment       0x0000000000000012       0x13 obj_modelm_pjrc/common/command.o

.note.gnu.avr.deviceinfo
                0x0000000000000000       0x40
 .note.gnu.avr.deviceinfo
                0x0000000000000000       0x40 /usr/lib/gcc/avr/11.1.0/../../../../avr/lib/avr51/crtat90usb1286.o

.note.gnu.build-id
 *(.note.gnu.build-id)

.debug
 *(.debug)

.line
 *(.line)

.debug_srcinfo
 *(.debug_srcinfo)

.debug_sfnames
 *(.debug_sfnames)

.debug_aranges  0x0000000000000000      0x730
 *(.debug_aranges)
 .debug_aranges
                0x0000000000000000       0x28 obj_modelm_pjrc/keymap.o
 .debug_aranges
                0x0000000000000028       0x68 obj_modelm_pjrc/matrix.o
 .debug_aranges
                0x0000000000000090       0x20 obj_modelm_pjrc/led.o
 .debug_aranges
                0x00000000000000b0       0x20 obj_modelm_pjrc/protocol/pjrc/main.o
 .debug_aranges
                0x00000000000000d0       0x48 obj_modelm_pjrc/protocol/pjrc/pjrc.o
 .debug_aranges
                0x0000000000000118       0x28 obj_modelm_pjrc/protocol/pjrc/usb_keyboard.o
 .debug_aranges
                0x0000000000000140       0x28 obj_modelm_pjrc/protocol/pjrc/usb_debug.o
 .debug_aranges
                0x0000000000000168       0x48 obj_modelm_pjrc/protocol/pjrc/usb.o
 .debug_aranges
                0x00000000000001b0       0x30 obj_modelm_pjrc/protocol/pjrc/usb_extra.o
 .debug_aranges
                0x00000000000001e0       0x60 obj_modelm_pjrc/common/host.o
 .debug_aranges
                0x0000000000000240       0x40 obj_modelm_pjrc/common/keyboard.o
 .debug_aranges
                0x0000000000000280       0x78 obj_modelm_pjrc/common/action.o
 .debug_aranges
                0x00000000000002f8       0x40 obj_modelm_pjrc/common/action_tapping.o
 .debug_aranges
                0x0000000000000338       0x20 obj_modelm_pjrc/common/action_macro.o
 .debug_aranges
                0x0000000000000358       0x98 obj_modelm_pjrc/common/action_layer.o
 .debug_aranges
                0x00000000000003f0       0xb0 obj_modelm_pjrc/common/action_util.o
 .debug_aranges
                0x00000000000004a0       0x20 obj_modelm_pjrc/common/print.o
 .debug_aranges
                0x00000000000004c0       0x18 obj_modelm_pjrc/common/debug.o
 .debug_aranges
                0x00000000000004d8       0x60 obj_modelm_pjrc/common/util.o
 .debug_aranges
                0x0000000000000538       0x38 obj_modelm_pjrc/common/hook.o
 .debug_aranges
                0x0000000000000570       0x48 obj_modelm_pjrc/common/avr/suspend.o
 .debug_aranges
                0x00000000000005b8       0x50 obj_modelm_pjrc/common/avr/timer.o
 .debug_aranges
                0x0000000000000608       0x28 obj_modelm_pjrc/common/avr/bootloader.o
 .debug_aranges
                0x0000000000000630       0x30 obj_modelm_pjrc/common/keymap.o
 .debug_aranges
                0x0000000000000660       0x30 obj_modelm_pjrc/common/bootmagic.o
 .debug_aranges
                0x0000000000000690       0x68 obj_modelm_pjrc/common/avr/eeconfig.o
 .debug_aranges
                0x00000000000006f8       0x38 obj_modelm_pjrc/common/command.o

.debug_pubnames
 *(.debug_pubnames)

.debug_info     0x0000000000000000     0xc357
 *(.debug_info .gnu.linkonce.wi.*)
 .debug_info    0x0000000000000000      0x995 /usr/lib/gcc/avr/11.1.0/../../../../avr/lib/avr51/crtat90usb1286.o
 .debug_info    0x0000000000000995      0xac6 obj_modelm_pjrc/keymap.o
 .debug_info    0x000000000000145b      0x89b obj_modelm_pjrc/matrix.o
 .debug_info    0x0000000000001cf6       0x94 obj_modelm_pjrc/led.o
 .debug_info    0x0000000000001d8a      0x37c obj_modelm_pjrc/protocol/pjrc/main.o
 .debug_info    0x0000000000002106      0x3be obj_modelm_pjrc/protocol/pjrc/pjrc.o
 .debug_info    0x00000000000024c4      0x599 obj_modelm_pjrc/protocol/pjrc/usb_keyboard.o
 .debug_info    0x0000000000002a5d      0x15b obj_modelm_pjrc/protocol/pjrc/usb_debug.o
 .debug_info    0x0000000000002bb8      0x90b obj_modelm_pjrc/protocol/pjrc/usb.o
 .debug_info    0x00000000000034c3      0x1ba obj_modelm_pjrc/protocol/pjrc/usb_extra.o
 .debug_info    0x000000000000367d      0x5c4 obj_modelm_pjrc/common/host.o
 .debug_info    0x0000000000003c41      0x5a4 obj_modelm_pjrc/common/keyboard.o
 .debug_info    0x00000000000041e5     0x1502 obj_modelm_pjrc/common/action.o
 .debug_info    0x00000000000056e7      0xe81 obj_modelm_pjrc/common/action_tapping.o
 .debug_info    0x0000000000006568      0x894 obj_modelm_pjrc/common/action_macro.o
 .debug_info    0x0000000000006dfc      0x867 obj_modelm_pjrc/common/action_layer.o
 .debug_info    0x0000000000007663      0x56b obj_modelm_pjrc/common/action_util.o
 .debug_info    0x0000000000007bce       0xdf obj_modelm_pjrc/common/print.o
 .debug_info    0x0000000000007cad      0x110 obj_modelm_pjrc/common/debug.o
 .debug_info    0x0000000000007dbd      0x2e1 obj_modelm_pjrc/common/util.o
 .debug_info    0x000000000000809e      0x209 obj_modelm_pjrc/common/hook.o
 .debug_info    0x00000000000082a7      0x29c obj_modelm_pjrc/common/avr/suspend.o
 .debug_info    0x0000000000008543      0x24a obj_modelm_pjrc/common/avr/timer.o
 .debug_info    0x000000000000878d      0x235 obj_modelm_pjrc/common/avr/bootloader.o
 .debug_info    0x00000000000089c2     0x105f obj_modelm_pjrc/common/keymap.o
 .debug_info    0x0000000000009a21     0x1019 obj_modelm_pjrc/common/bootmagic.o
 .debug_info    0x000000000000aa3a      0x3bd obj_modelm_pjrc/common/avr/eeconfig.o
 .debug_info    0x000000000000adf7     0x1560 obj_modelm_pjrc/common/command.o

.debug_abbrev   0x0000000000000000     0x3f53
 *(.debug_abbrev)
 .debug_abbrev  0x0000000000000000      0x910 /usr/lib/gcc/avr/11.1.0/../../../../avr/lib/avr51/crtat90usb1286.o
 .debug_abbrev  0x0000000000000910      0x1cb obj_modelm_pjrc/keymap.o
 .debug_abbrev  0x0000000000000adb      0x435 obj_modelm_pjrc/matrix.o
 .debug_abbrev  0x0000000000000f10       0x66 obj_modelm_pjrc/led.o
 .debug_abbrev  0x0000000000000f76      0x15e obj_modelm_pjrc/protocol/pjrc/main.o
 .debug_abbrev  0x00000000000010d4      0x196 obj_modelm_pjrc/protocol/pjrc/pjrc.o
 .debug_abbrev  0x000000000000126a      0x26e obj_modelm_pjrc/protocol/pjrc/usb_keyboard.o
 .debug_abbrev  0x00000000000014d8       0xf5 obj_modelm_pjrc/protocol/pjrc/usb_debug.o
 .debug_abbrev  0x00000000000015cd      0x235 obj_modelm_pjrc/protocol/pjrc/usb.o
 .debug_abbrev  0x0000000000001802       0xd7 obj_modelm_pjrc/protocol/pjrc/usb_extra.o
 .debug_abbrev  0x00000000000018d9      0x246 obj_modelm_pjrc/common/host.o
 .debug_abbrev  0x0000000000001b1f      0x2e9 obj_modelm_pjrc/common/keyboard.o
 .debug_abbrev  0x0000000000001e08      0x30e obj_modelm_pjrc/common/action.o
 .debug_abbrev  0x0000000000002116      0x399 obj_modelm_pjrc/common/action_tapping.o
 .debug_abbrev  0x00000000000024af      0x1fd obj_modelm_pjrc/common/action_macro.o
 .debug_abbrev  0x00000000000026ac      0x26c obj_modelm_pjrc/common/action_layer.o
 .debug_abbrev  0x0000000000002918      0x2b5 obj_modelm_pjrc/common/action_util.o
 .debug_abbrev  0x0000000000002bcd       0x9f obj_modelm_pjrc/common/print.o
 .debug_abbrev  0x0000000000002c6c       0xa2 obj_modelm_pjrc/common/debug.o
 .debug_abbrev  0x0000000000002d0e       0xec obj_modelm_pjrc/common/util.o
 .debug_abbrev  0x0000000000002dfa      0x183 obj_modelm_pjrc/common/hook.o
 .debug_abbrev  0x0000000000002f7d      0x20e obj_modelm_pjrc/common/avr/suspend.o
 .debug_abbrev  0x000000000000318b      0x13d obj_modelm_pjrc/common/avr/timer.o
 .debug_abbrev  0x00000000000032c8      0x19a obj_modelm_pjrc/common/avr/bootloader.o
 .debug_abbrev  0x0000000000003462      0x2e9 obj_modelm_pjrc/common/keymap.o
 .debug_abbrev  0x000000000000374b      0x31a obj_modelm_pjrc/common/bootmagic.o
 .debug_abbrev  0x0000000000003a65      0x118 obj_modelm_pjrc/common/avr/eeconfig.o
 .debug_abbrev  0x0000000000003b7d      0x3d6 obj_modelm_pjrc/common/command.o

.debug_line     0x0000000000000000     0x9065
 *(.debug_line .debug_line.* .debug_line_end)
 .debug_line    0x0000000000000000       0x1d /usr/lib/gcc/avr/11.1.0/../../../../avr/lib/avr51/crtat90usb1286.o
 .debug_line    0x000000000000001d      0x121 obj_modelm_pjrc/keymap.o
 .debug_line    0x000000000000013e      0xb06 obj_modelm_pjrc/matrix.o
 .debug_line    0x0000000000000c44      0x110 obj_modelm_pjrc/led.o
 .debug_line    0x0000000000000d54      0x1b7 obj_modelm_pjrc/protocol/pjrc/main.o
 .debug_line    0x0000000000000f0b      0x192 obj_modelm_pjrc/protocol/pjrc/pjrc.o
 .debug_line    0x000000000000109d      0x418 obj_modelm_pjrc/protocol/pjrc/usb_keyboard.o
 .debug_line    0x00000000000014b5      0x394 obj_modelm_pjrc/protocol/pjrc/usb_debug.o
 .debug_line    0x0000000000001849     0x11c1 obj_modelm_pjrc/protocol/pjrc/usb.o
 .debug_line    0x0000000000002a0a      0x290 obj_modelm_pjrc/protocol/pjrc/usb_extra.o
 .debug_line    0x0000000000002c9a      0x3f5 obj_modelm_pjrc/common/host.o
 .debug_line    0x000000000000308f      0x513 obj_modelm_pjrc/common/keyboard.o
 .debug_line    0x00000000000035a2      0xf35 obj_modelm_pjrc/common/action.o
 .debug_line    0x00000000000044d7      0xc52 obj_modelm_pjrc/common/action_tapping.o
 .debug_line    0x0000000000005129      0x48c obj_modelm_pjrc/common/action_macro.o
 .debug_line    0x00000000000055b5      0x4f0 obj_modelm_pjrc/common/action_layer.o
 .debug_line    0x0000000000005aa5      0x641 obj_modelm_pjrc/common/action_util.o
 .debug_line    0x00000000000060e6       0xb7 obj_modelm_pjrc/common/print.o
 .debug_line    0x000000000000619d       0x6f obj_modelm_pjrc/common/debug.o
 .debug_line    0x000000000000620c      0x5ec obj_modelm_pjrc/common/util.o
 .debug_line    0x00000000000067f8       0xf2 obj_modelm_pjrc/common/hook.o
 .debug_line    0x00000000000068ea      0x31f obj_modelm_pjrc/common/avr/suspend.o
 .debug_line    0x0000000000006c09      0x383 obj_modelm_pjrc/common/avr/timer.o
 .debug_line    0x0000000000006f8c      0x249 obj_modelm_pjrc/common/avr/bootloader.o
 .debug_line    0x00000000000071d5      0x75b obj_modelm_pjrc/common/keymap.o
 .debug_line    0x0000000000007930      0x946 obj_modelm_pjrc/common/bootmagic.o
 .debug_line    0x0000000000008276      0x219 obj_modelm_pjrc/common/avr/eeconfig.o
 .debug_line    0x000000000000848f      0xbd6 obj_modelm_pjrc/common/command.o

.debug_frame    0x0000000000000000     0x1284
 *(.debug_frame)
 .debug_frame   0x0000000000000000       0x34 obj_modelm_pjrc/keymap.o
 .debug_frame   0x0000000000000034      0x174 obj_modelm_pjrc/matrix.o
 .debug_frame   0x00000000000001a8       0x24 obj_modelm_pjrc/led.o
 .debug_frame   0x00000000000001cc       0x24 obj_modelm_pjrc/protocol/pjrc/main.o
 .debug_frame   0x00000000000001f0       0x74 obj_modelm_pjrc/protocol/pjrc/pjrc.o
 .debug_frame   0x0000000000000264       0x90 obj_modelm_pjrc/protocol/pjrc/usb_keyboard.o
 .debug_frame   0x00000000000002f4       0x44 obj_modelm_pjrc/protocol/pjrc/usb_debug.o
 .debug_frame   0x0000000000000338      0x124 obj_modelm_pjrc/protocol/pjrc/usb.o
 .debug_frame   0x000000000000045c       0x60 obj_modelm_pjrc/protocol/pjrc/usb_extra.o
 .debug_frame   0x00000000000004bc       0xd4 obj_modelm_pjrc/common/host.o
 .debug_frame   0x0000000000000590       0xc4 obj_modelm_pjrc/common/keyboard.o
 .debug_frame   0x0000000000000654      0x144 obj_modelm_pjrc/common/action.o
 .debug_frame   0x0000000000000798       0xd4 obj_modelm_pjrc/common/action_tapping.o
 .debug_frame   0x000000000000086c       0x48 obj_modelm_pjrc/common/action_macro.o
 .debug_frame   0x00000000000008b4      0x21c obj_modelm_pjrc/common/action_layer.o
 .debug_frame   0x0000000000000ad0      0x144 obj_modelm_pjrc/common/action_util.o
 .debug_frame   0x0000000000000c14       0x24 obj_modelm_pjrc/common/print.o
 .debug_frame   0x0000000000000c38       0xd8 obj_modelm_pjrc/common/util.o
 .debug_frame   0x0000000000000d10       0x84 obj_modelm_pjrc/common/hook.o
 .debug_frame   0x0000000000000d94       0xa0 obj_modelm_pjrc/common/avr/suspend.o
 .debug_frame   0x0000000000000e34       0xd4 obj_modelm_pjrc/common/avr/timer.o
 .debug_frame   0x0000000000000f08       0x34 obj_modelm_pjrc/common/avr/bootloader.o
 .debug_frame   0x0000000000000f3c       0x44 obj_modelm_pjrc/common/keymap.o
 .debug_frame   0x0000000000000f80       0x98 obj_modelm_pjrc/common/bootmagic.o
 .debug_frame   0x0000000000001018       0xb4 obj_modelm_pjrc/common/avr/eeconfig.o
 .debug_frame   0x00000000000010cc      0x1b8 obj_modelm_pjrc/common/command.o

.debug_str      0x0000000000000000     0x24ce
 *(.debug_str)
 .debug_str     0x0000000000000000      0x349 /usr/lib/gcc/avr/11.1.0/../../../../avr/lib/avr51/crtat90usb1286.o
 .debug_str     0x0000000000000349      0xb8a obj_modelm_pjrc/keymap.o
                                        0xc23 (size before relaxing)
 .debug_str     0x0000000000000ed3      0x1bf obj_modelm_pjrc/matrix.o
                                        0x3a2 (size before relaxing)
 .debug_str     0x0000000000001092       0x16 obj_modelm_pjrc/led.o
                                        0x1b9 (size before relaxing)
 .debug_str     0x00000000000010a8      0x154 obj_modelm_pjrc/protocol/pjrc/main.o
                                        0x345 (size before relaxing)
 .debug_str     0x00000000000011fc       0x8b obj_modelm_pjrc/protocol/pjrc/pjrc.o
                                        0x2e9 (size before relaxing)
 .debug_str     0x0000000000001287       0xaf obj_modelm_pjrc/protocol/pjrc/usb_keyboard.o
                                        0x32e (size before relaxing)
 .debug_str     0x0000000000001336       0x6c obj_modelm_pjrc/protocol/pjrc/usb_debug.o
                                        0x247 (size before relaxing)
 .debug_str     0x00000000000013a2      0x20d obj_modelm_pjrc/protocol/pjrc/usb.o
                                        0x4bb (size before relaxing)
 .debug_str     0x00000000000015af       0x4b obj_modelm_pjrc/protocol/pjrc/usb_extra.o
                                        0x25e (size before relaxing)
 .debug_str     0x00000000000015fa       0xd6 obj_modelm_pjrc/common/host.o
                                        0x39b (size before relaxing)
 .debug_str     0x00000000000016d0      0x102 obj_modelm_pjrc/common/keyboard.o
                                        0x3c3 (size before relaxing)
 .debug_str     0x00000000000017d2      0x45f obj_modelm_pjrc/common/action.o
                                       0x10dd (size before relaxing)
 .debug_str     0x0000000000001c31       0xf5 obj_modelm_pjrc/common/action_tapping.o
                                        0xb1b (size before relaxing)
 .debug_str     0x0000000000001d26       0xa3 obj_modelm_pjrc/common/action_macro.o
                                        0x8f6 (size before relaxing)
 .debug_str     0x0000000000001dc9       0xae obj_modelm_pjrc/common/action_layer.o
                                        0x464 (size before relaxing)
 .debug_str     0x0000000000001e77       0x9e obj_modelm_pjrc/common/action_util.o
                                        0x361 (size before relaxing)
 .debug_str     0x0000000000001f15       0x3f obj_modelm_pjrc/common/print.o
                                        0x1fc (size before relaxing)
 .debug_str     0x0000000000001f54       0x27 obj_modelm_pjrc/common/debug.o
                                        0x212 (size before relaxing)
 .debug_str     0x0000000000001f7b       0x57 obj_modelm_pjrc/common/util.o
                                        0x228 (size before relaxing)
 .debug_str     0x0000000000001fd2       0x35 obj_modelm_pjrc/common/hook.o
                                        0x2c0 (size before relaxing)
 .debug_str     0x0000000000002007       0x9a obj_modelm_pjrc/common/avr/suspend.o
                                        0x2dc (size before relaxing)
 .debug_str     0x00000000000020a1       0x78 obj_modelm_pjrc/common/avr/timer.o
                                        0x24f (size before relaxing)
 .debug_str     0x0000000000002119       0x80 obj_modelm_pjrc/common/avr/bootloader.o
                                        0x291 (size before relaxing)
 .debug_str     0x0000000000002199       0xd4 obj_modelm_pjrc/common/keymap.o
                                        0xeaa (size before relaxing)
 .debug_str     0x000000000000226d       0xed obj_modelm_pjrc/common/bootmagic.o
                                        0xbe5 (size before relaxing)
 .debug_str     0x000000000000235a       0x95 obj_modelm_pjrc/common/avr/eeconfig.o
                                        0x2f6 (size before relaxing)
 .debug_str     0x00000000000023ef       0xdf obj_modelm_pjrc/common/command.o
                                        0xaac (size before relaxing)

.debug_loc      0x0000000000000000     0x572a
 *(.debug_loc)
 .debug_loc     0x0000000000000000       0xb9 obj_modelm_pjrc/keymap.o
 .debug_loc     0x00000000000000b9      0x505 obj_modelm_pjrc/matrix.o
 .debug_loc     0x00000000000005be       0x7e obj_modelm_pjrc/protocol/pjrc/pjrc.o
 .debug_loc     0x000000000000063c      0x3ad obj_modelm_pjrc/protocol/pjrc/usb_keyboard.o
 .debug_loc     0x00000000000009e9       0xc7 obj_modelm_pjrc/protocol/pjrc/usb_debug.o
 .debug_loc     0x0000000000000ab0      0xb37 obj_modelm_pjrc/protocol/pjrc/usb.o
 .debug_loc     0x00000000000015e7      0x16e obj_modelm_pjrc/protocol/pjrc/usb_extra.o
 .debug_loc     0x0000000000001755      0x1e7 obj_modelm_pjrc/common/host.o
 .debug_loc     0x000000000000193c      0x2d5 obj_modelm_pjrc/common/keyboard.o
 .debug_loc     0x0000000000001c11      0xb62 obj_modelm_pjrc/common/action.o
 .debug_loc     0x0000000000002773      0x6c0 obj_modelm_pjrc/common/action_tapping.o
 .debug_loc     0x0000000000002e33      0x6ea obj_modelm_pjrc/common/action_macro.o
 .debug_loc     0x000000000000351d      0x6ae obj_modelm_pjrc/common/action_layer.o
 .debug_loc     0x0000000000003bcb      0x1cc obj_modelm_pjrc/common/action_util.o
 .debug_loc     0x0000000000003d97      0x503 obj_modelm_pjrc/common/util.o
 .debug_loc     0x000000000000429a       0x6d obj_modelm_pjrc/common/hook.o
 .debug_loc     0x0000000000004307       0xf2 obj_modelm_pjrc/common/avr/suspend.o
 .debug_loc     0x00000000000043f9      0x2bc obj_modelm_pjrc/common/avr/timer.o
 .debug_loc     0x00000000000046b5       0x64 obj_modelm_pjrc/common/avr/bootloader.o
 .debug_loc     0x0000000000004719      0x539 obj_modelm_pjrc/common/keymap.o
 .debug_loc     0x0000000000004c52      0x3d0 obj_modelm_pjrc/common/bootmagic.o
 .debug_loc     0x0000000000005022       0x96 obj_modelm_pjrc/common/avr/eeconfig.o
 .debug_loc     0x00000000000050b8      0x672 obj_modelm_pjrc/common/command.o

.debug_macinfo
 *(.debug_macinfo)

.debug_weaknames
 *(.debug_weaknames)

.debug_funcnames
 *(.debug_funcnames)

.debug_typenames
 *(.debug_typenames)

.debug_varnames
 *(.debug_varnames)

.debug_pubtypes
 *(.debug_pubtypes)

.debug_ranges   0x0000000000000000      0xbd0
 *(.debug_ranges)
 .debug_ranges  0x0000000000000000       0x18 obj_modelm_pjrc/keymap.o
 .debug_ranges  0x0000000000000018      0x118 obj_modelm_pjrc/matrix.o
 .debug_ranges  0x0000000000000130       0x10 obj_modelm_pjrc/led.o
 .debug_ranges  0x0000000000000140       0x10 obj_modelm_pjrc/protocol/pjrc/main.o
 .debug_ranges  0x0000000000000150       0x38 obj_modelm_pjrc/protocol/pjrc/pjrc.o
 .debug_ranges  0x0000000000000188       0x30 obj_modelm_pjrc/protocol/pjrc/usb_keyboard.o
 .debug_ranges  0x00000000000001b8       0x18 obj_modelm_pjrc/protocol/pjrc/usb_debug.o
 .debug_ranges  0x00000000000001d0       0xb8 obj_modelm_pjrc/protocol/pjrc/usb.o
 .debug_ranges  0x0000000000000288       0x20 obj_modelm_pjrc/protocol/pjrc/usb_extra.o
 .debug_ranges  0x00000000000002a8       0x50 obj_modelm_pjrc/common/host.o
 .debug_ranges  0x00000000000002f8       0xb0 obj_modelm_pjrc/common/keyboard.o
 .debug_ranges  0x00000000000003a8      0x118 obj_modelm_pjrc/common/action.o
 .debug_ranges  0x00000000000004c0       0xe8 obj_modelm_pjrc/common/action_tapping.o
 .debug_ranges  0x00000000000005a8       0x78 obj_modelm_pjrc/common/action_macro.o
 .debug_ranges  0x0000000000000620       0xa0 obj_modelm_pjrc/common/action_layer.o
 .debug_ranges  0x00000000000006c0       0xe8 obj_modelm_pjrc/common/action_util.o
 .debug_ranges  0x00000000000007a8       0x10 obj_modelm_pjrc/common/print.o
 .debug_ranges  0x00000000000007b8       0x50 obj_modelm_pjrc/common/util.o
 .debug_ranges  0x0000000000000808       0x28 obj_modelm_pjrc/common/hook.o
 .debug_ranges  0x0000000000000830       0x58 obj_modelm_pjrc/common/avr/suspend.o
 .debug_ranges  0x0000000000000888       0x40 obj_modelm_pjrc/common/avr/timer.o
 .debug_ranges  0x00000000000008c8       0x18 obj_modelm_pjrc/common/avr/bootloader.o
 .debug_ranges  0x00000000000008e0       0x58 obj_modelm_pjrc/common/keymap.o
 .debug_ranges  0x0000000000000938       0x80 obj_modelm_pjrc/common/bootmagic.o
 .debug_ranges  0x00000000000009b8       0x58 obj_modelm_pjrc/common/avr/eeconfig.o
 .debug_ranges  0x0000000000000a10      0x1c0 obj_modelm_pjrc/common/command.o

.debug_addr
 *(.debug_addr)

.debug_line_str
 *(.debug_line_str)

.debug_loclists
 *(.debug_loclists)

.debug_macro
 *(.debug_macro)

.debug_names
 *(.debug_names)

.debug_rnglists
 *(.debug_rnglists)

.debug_str_offsets
 *(.debug_str_offsets)

.debug_sup
 *(.debug_sup)
OUTPUT(modelm_pjrc.elf elf32-avr)
LOAD linker stubs

Cross Reference Table

Symbol                                            File
__bad_interrupt                                   /usr/lib/gcc/avr/11.1.0/../../../../avr/lib/avr51/crtat90usb1286.o
__bss_end                                         /usr/lib/gcc/avr/11.1.0/avr51/libgcc.a(_clear_bss.o)
__bss_start                                       /usr/lib/gcc/avr/11.1.0/avr51/libgcc.a(_clear_bss.o)
__data_end                                        /usr/lib/gcc/avr/11.1.0/avr51/libgcc.a(_copy_data.o)
__data_load_start                                 /usr/lib/gcc/avr/11.1.0/avr51/libgcc.a(_copy_data.o)
__data_start                                      /usr/lib/gcc/avr/11.1.0/avr51/libgcc.a(_copy_data.o)
__do_clear_bss                                    /usr/lib/gcc/avr/11.1.0/avr51/libgcc.a(_clear_bss.o)
                                                  obj_modelm_pjrc/common/command.o
                                                  obj_modelm_pjrc/common/bootmagic.o
                                                  obj_modelm_pjrc/common/avr/timer.o
                                                  obj_modelm_pjrc/common/avr/suspend.o
                                                  obj_modelm_pjrc/common/debug.o
                                                  obj_modelm_pjrc/common/action_util.o
                                                  obj_modelm_pjrc/common/action_layer.o
                                                  obj_modelm_pjrc/common/action_tapping.o
                                                  obj_modelm_pjrc/common/keyboard.o
                                                  obj_modelm_pjrc/common/host.o
                                                  obj_modelm_pjrc/protocol/pjrc/usb.o
                                                  obj_modelm_pjrc/protocol/pjrc/usb_debug.o
                                                  obj_modelm_pjrc/protocol/pjrc/usb_keyboard.o
                                                  obj_modelm_pjrc/matrix.o
__do_copy_data                                    /usr/lib/gcc/avr/11.1.0/avr51/libgcc.a(_copy_data.o)
                                                  obj_modelm_pjrc/common/keymap.o
                                                  obj_modelm_pjrc/common/action_util.o
                                                  obj_modelm_pjrc/common/action.o
                                                  obj_modelm_pjrc/protocol/pjrc/usb_keyboard.o
                                                  obj_modelm_pjrc/protocol/pjrc/pjrc.o
                                                  obj_modelm_pjrc/matrix.o
__heap_end                                        /usr/lib/gcc/avr/11.1.0/../../../../avr/lib/avr51/crtat90usb1286.o
__init                                            /usr/lib/gcc/avr/11.1.0/../../../../avr/lib/avr51/crtat90usb1286.o
__popcounthi2                                     /usr/lib/gcc/avr/11.1.0/avr51/libgcc.a(_popcounthi2.o)
                                                  /usr/lib/gcc/avr/11.1.0/avr51/libgcc.a(_popcountsi2.o)
                                                  obj_modelm_pjrc/common/util.o
__popcounthi2_tail                                /usr/lib/gcc/avr/11.1.0/avr51/libgcc.a(_popcounthi2.o)
                                                  /usr/lib/gcc/avr/11.1.0/avr51/libgcc.a(_popcountsi2.o)
__popcountqi2                                     /usr/lib/gcc/avr/11.1.0/avr51/libgcc.a(_popcountqi2.o)
                                                  /usr/lib/gcc/avr/11.1.0/avr51/libgcc.a(_popcounthi2.o)
__popcountsi2                                     /usr/lib/gcc/avr/11.1.0/avr51/libgcc.a(_popcountsi2.o)
                                                  obj_modelm_pjrc/common/util.o
__stack                                           /usr/lib/gcc/avr/11.1.0/../../../../avr/lib/avr51/crtat90usb1286.o
__tablejump2__                                    /usr/lib/gcc/avr/11.1.0/avr51/libgcc.a(_tablejump2.o)
                                                  obj_modelm_pjrc/common/command.o
                                                  obj_modelm_pjrc/common/action.o
                                                  obj_modelm_pjrc/matrix.o
__vector_1                                        /usr/lib/gcc/avr/11.1.0/../../../../avr/lib/avr51/crtat90usb1286.o
__vector_10                                       obj_modelm_pjrc/protocol/pjrc/usb.o
                                                  /usr/lib/gcc/avr/11.1.0/../../../../avr/lib/avr51/crtat90usb1286.o
__vector_11                                       obj_modelm_pjrc/protocol/pjrc/usb.o
                                                  /usr/lib/gcc/avr/11.1.0/../../../../avr/lib/avr51/crtat90usb1286.o
__vector_12                                       obj_modelm_pjrc/common/avr/suspend.o
                                                  /usr/lib/gcc/avr/11.1.0/../../../../avr/lib/avr51/crtat90usb1286.o
__vector_13                                       /usr/lib/gcc/avr/11.1.0/../../../../avr/lib/avr51/crtat90usb1286.o
__vector_14                                       /usr/lib/gcc/avr/11.1.0/../../../../avr/lib/avr51/crtat90usb1286.o
__vector_15                                       /usr/lib/gcc/avr/11.1.0/../../../../avr/lib/avr51/crtat90usb1286.o
__vector_16                                       /usr/lib/gcc/avr/11.1.0/../../../../avr/lib/avr51/crtat90usb1286.o
__vector_17                                       /usr/lib/gcc/avr/11.1.0/../../../../avr/lib/avr51/crtat90usb1286.o
__vector_18                                       /usr/lib/gcc/avr/11.1.0/../../../../avr/lib/avr51/crtat90usb1286.o
__vector_19                                       /usr/lib/gcc/avr/11.1.0/../../../../avr/lib/avr51/crtat90usb1286.o
__vector_2                                        /usr/lib/gcc/avr/11.1.0/../../../../avr/lib/avr51/crtat90usb1286.o
__vector_20                                       /usr/lib/gcc/avr/11.1.0/../../../../avr/lib/avr51/crtat90usb1286.o
__vector_21                                       obj_modelm_pjrc/common/avr/timer.o
                                                  /usr/lib/gcc/avr/11.1.0/../../../../avr/lib/avr51/crtat90usb1286.o
__vector_22                                       /usr/lib/gcc/avr/11.1.0/../../../../avr/lib/avr51/crtat90usb1286.o
__vector_23                                       /usr/lib/gcc/avr/11.1.0/../../../../avr/lib/avr51/crtat90usb1286.o
__vector_24                                       /usr/lib/gcc/avr/11.1.0/../../../../avr/lib/avr51/crtat90usb1286.o
__vector_25                                       /usr/lib/gcc/avr/11.1.0/../../../../avr/lib/avr51/crtat90usb1286.o
__vector_26                                       /usr/lib/gcc/avr/11.1.0/../../../../avr/lib/avr51/crtat90usb1286.o
__vector_27                                       /usr/lib/gcc/avr/11.1.0/../../../../avr/lib/avr51/crtat90usb1286.o
__vector_28                                       /usr/lib/gcc/avr/11.1.0/../../../../avr/lib/avr51/crtat90usb1286.o
__vector_29                                       /usr/lib/gcc/avr/11.1.0/../../../../avr/lib/avr51/crtat90usb1286.o
__vector_3                                        /usr/lib/gcc/avr/11.1.0/../../../../avr/lib/avr51/crtat90usb1286.o
__vector_30                                       /usr/lib/gcc/avr/11.1.0/../../../../avr/lib/avr51/crtat90usb1286.o
__vector_31                                       /usr/lib/gcc/avr/11.1.0/../../../../avr/lib/avr51/crtat90usb1286.o
__vector_32                                       /usr/lib/gcc/avr/11.1.0/../../../../avr/lib/avr51/crtat90usb1286.o
__vector_33                                       /usr/lib/gcc/avr/11.1.0/../../../../avr/lib/avr51/crtat90usb1286.o
__vector_34                                       /usr/lib/gcc/avr/11.1.0/../../../../avr/lib/avr51/crtat90usb1286.o
__vector_35                                       /usr/lib/gcc/avr/11.1.0/../../../../avr/lib/avr51/crtat90usb1286.o
__vector_36                                       /usr/lib/gcc/avr/11.1.0/../../../../avr/lib/avr51/crtat90usb1286.o
__vector_37                                       /usr/lib/gcc/avr/11.1.0/../../../../avr/lib/avr51/crtat90usb1286.o
__vector_4                                        /usr/lib/gcc/avr/11.1.0/../../../../avr/lib/avr51/crtat90usb1286.o
__vector_5                                        /usr/lib/gcc/avr/11.1.0/../../../../avr/lib/avr51/crtat90usb1286.o
__vector_6                                        /usr/lib/gcc/avr/11.1.0/../../../../avr/lib/avr51/crtat90usb1286.o
__vector_7                                        /usr/lib/gcc/avr/11.1.0/../../../../avr/lib/avr51/crtat90usb1286.o
__vector_8                                        /usr/lib/gcc/avr/11.1.0/../../../../avr/lib/avr51/crtat90usb1286.o
__vector_9                                        /usr/lib/gcc/avr/11.1.0/../../../../avr/lib/avr51/crtat90usb1286.o
__vector_default                                  /usr/lib/gcc/avr/11.1.0/../../../../avr/lib/avr51/crtat90usb1286.o
__vectors                                         /usr/lib/gcc/avr/11.1.0/../../../../avr/lib/avr51/crtat90usb1286.o
__xprintf                                         obj_modelm_pjrc/common/avr/xprintf.o
                                                  obj_modelm_pjrc/common/command.o
                                                  obj_modelm_pjrc/common/keyboard.o
                                                  obj_modelm_pjrc/common/host.o
                                                  obj_modelm_pjrc/protocol/pjrc/usb_keyboard.o
                                                  obj_modelm_pjrc/matrix.o
_exit                                             /usr/lib/gcc/avr/11.1.0/avr51/libgcc.a(_exit.o)
action_exec                                       obj_modelm_pjrc/common/action.o
                                                  obj_modelm_pjrc/common/keyboard.o
action_for_key                                    obj_modelm_pjrc/common/keymap.o
                                                  obj_modelm_pjrc/common/bootmagic.o
                                                  obj_modelm_pjrc/common/action_layer.o
action_function                                   obj_modelm_pjrc/common/keymap.o
                                                  obj_modelm_pjrc/common/action.o
action_get_macro                                  obj_modelm_pjrc/common/keymap.o
                                                  obj_modelm_pjrc/common/action.o
action_macro_play                                 obj_modelm_pjrc/common/action_macro.o
                                                  obj_modelm_pjrc/common/action.o
action_tapping_process                            obj_modelm_pjrc/common/action_tapping.o
                                                  obj_modelm_pjrc/common/action.o
add_key                                           obj_modelm_pjrc/common/action_util.o
                                                  obj_modelm_pjrc/common/action.o
add_mods                                          obj_modelm_pjrc/common/action_util.o
                                                  obj_modelm_pjrc/common/action.o
add_weak_mods                                     obj_modelm_pjrc/common/action_util.o
                                                  obj_modelm_pjrc/common/action_macro.o
                                                  obj_modelm_pjrc/common/action.o
biton                                             obj_modelm_pjrc/common/util.o
biton16                                           obj_modelm_pjrc/common/util.o
biton32                                           obj_modelm_pjrc/common/util.o
bitpop                                            obj_modelm_pjrc/common/util.o
                                                  obj_modelm_pjrc/common/action_util.o
bitpop16                                          obj_modelm_pjrc/common/util.o
bitpop32                                          obj_modelm_pjrc/common/util.o
                                                  obj_modelm_pjrc/matrix.o
bitrev                                            obj_modelm_pjrc/common/util.o
                                                  obj_modelm_pjrc/matrix.o
bitrev16                                          obj_modelm_pjrc/common/util.o
bitrev32                                          obj_modelm_pjrc/common/util.o
bootloader_jump                                   obj_modelm_pjrc/common/avr/bootloader.o
                                                  obj_modelm_pjrc/common/command.o
                                                  obj_modelm_pjrc/common/bootmagic.o
                                                  obj_modelm_pjrc/common/keymap.o
bootloader_jump_after_watchdog_reset              obj_modelm_pjrc/common/avr/bootloader.o
bootmagic                                         obj_modelm_pjrc/common/bootmagic.o
                                                  obj_modelm_pjrc/common/keyboard.o
bootmagic_scan_key                                obj_modelm_pjrc/common/bootmagic.o
clear_keyboard                                    obj_modelm_pjrc/common/action.o
                                                  obj_modelm_pjrc/common/command.o
                                                  obj_modelm_pjrc/common/keymap.o
                                                  obj_modelm_pjrc/common/avr/suspend.o
                                                  obj_modelm_pjrc/common/action_tapping.o
                                                  obj_modelm_pjrc/protocol/pjrc/usb.o
clear_keyboard_but_mods                           obj_modelm_pjrc/common/action.o
                                                  obj_modelm_pjrc/common/action_layer.o
clear_keys                                        obj_modelm_pjrc/common/action_util.o
                                                  obj_modelm_pjrc/common/action.o
clear_mods                                        obj_modelm_pjrc/common/action_util.o
                                                  obj_modelm_pjrc/common/action_macro.o
                                                  obj_modelm_pjrc/common/action.o
clear_oneshot_mods                                obj_modelm_pjrc/common/action_util.o
                                                  obj_modelm_pjrc/common/action.o
clear_weak_mods                                   obj_modelm_pjrc/common/action_util.o
                                                  obj_modelm_pjrc/common/action.o
command_console_extra                             obj_modelm_pjrc/common/command.o
command_extra                                     obj_modelm_pjrc/common/command.o
command_proc                                      obj_modelm_pjrc/common/command.o
                                                  obj_modelm_pjrc/common/action.o
command_state                                     obj_modelm_pjrc/common/command.o
debug_action                                      obj_modelm_pjrc/common/action.o
debug_config                                      obj_modelm_pjrc/common/debug.o
                                                  obj_modelm_pjrc/common/command.o
                                                  obj_modelm_pjrc/common/bootmagic.o
                                                  obj_modelm_pjrc/common/keyboard.o
                                                  obj_modelm_pjrc/common/host.o
                                                  obj_modelm_pjrc/protocol/pjrc/usb_keyboard.o
                                                  obj_modelm_pjrc/matrix.o
debug_event                                       obj_modelm_pjrc/common/action.o
                                                  obj_modelm_pjrc/common/action_tapping.o
debug_flush_timer                                 obj_modelm_pjrc/protocol/pjrc/usb_debug.o
                                                  obj_modelm_pjrc/protocol/pjrc/usb.o
debug_record                                      obj_modelm_pjrc/common/action.o
                                                  obj_modelm_pjrc/common/action_tapping.o
default_layer_and                                 obj_modelm_pjrc/common/action_layer.o
                                                  obj_modelm_pjrc/common/action.o
default_layer_debug                               obj_modelm_pjrc/common/action_layer.o
                                                  obj_modelm_pjrc/common/action.o
default_layer_or                                  obj_modelm_pjrc/common/action_layer.o
                                                  obj_modelm_pjrc/common/action.o
default_layer_set                                 obj_modelm_pjrc/common/action_layer.o
                                                  obj_modelm_pjrc/common/command.o
                                                  obj_modelm_pjrc/common/bootmagic.o
default_layer_state                               obj_modelm_pjrc/common/action_layer.o
default_layer_xor                                 obj_modelm_pjrc/common/action_layer.o
                                                  obj_modelm_pjrc/common/action.o
del_key                                           obj_modelm_pjrc/common/action_util.o
                                                  obj_modelm_pjrc/common/action.o
del_mods                                          obj_modelm_pjrc/common/action_util.o
                                                  obj_modelm_pjrc/common/action.o
del_weak_mods                                     obj_modelm_pjrc/common/action_util.o
                                                  obj_modelm_pjrc/common/action_macro.o
                                                  obj_modelm_pjrc/common/action.o
eeconfig_disable                                  obj_modelm_pjrc/common/avr/eeconfig.o
eeconfig_enable                                   obj_modelm_pjrc/common/avr/eeconfig.o
eeconfig_init                                     obj_modelm_pjrc/common/avr/eeconfig.o
                                                  obj_modelm_pjrc/common/bootmagic.o
eeconfig_is_enabled                               obj_modelm_pjrc/common/avr/eeconfig.o
                                                  obj_modelm_pjrc/common/bootmagic.o
eeconfig_read_debug                               obj_modelm_pjrc/common/avr/eeconfig.o
                                                  obj_modelm_pjrc/common/command.o
                                                  obj_modelm_pjrc/common/bootmagic.o
eeconfig_read_default_layer                       obj_modelm_pjrc/common/avr/eeconfig.o
                                                  obj_modelm_pjrc/common/command.o
                                                  obj_modelm_pjrc/common/bootmagic.o
eeconfig_read_keymap                              obj_modelm_pjrc/common/avr/eeconfig.o
                                                  obj_modelm_pjrc/common/command.o
                                                  obj_modelm_pjrc/common/bootmagic.o
eeconfig_write_debug                              obj_modelm_pjrc/common/avr/eeconfig.o
                                                  obj_modelm_pjrc/common/bootmagic.o
eeconfig_write_default_layer                      obj_modelm_pjrc/common/avr/eeconfig.o
                                                  obj_modelm_pjrc/common/bootmagic.o
eeconfig_write_keymap                             obj_modelm_pjrc/common/avr/eeconfig.o
                                                  obj_modelm_pjrc/common/bootmagic.o
eeprom_read_block                                 /usr/lib/gcc/avr/11.1.0/../../../../avr/lib/avr51/libat90usb1286.a(eerd_block.o)
eeprom_read_blraw                                 /usr/lib/gcc/avr/11.1.0/../../../../avr/lib/avr51/libat90usb1286.a(eerd_block.o)
                                                  /usr/lib/gcc/avr/11.1.0/../../../../avr/lib/avr51/libat90usb1286.a(eerd_word.o)
eeprom_read_byte                                  /usr/lib/gcc/avr/11.1.0/../../../../avr/lib/avr51/libat90usb1286.a(eerd_byte.o)
                                                  obj_modelm_pjrc/common/avr/eeconfig.o
eeprom_read_word                                  /usr/lib/gcc/avr/11.1.0/../../../../avr/lib/avr51/libat90usb1286.a(eerd_word.o)
                                                  obj_modelm_pjrc/common/avr/eeconfig.o
eeprom_write_byte                                 /usr/lib/gcc/avr/11.1.0/../../../../avr/lib/avr51/libat90usb1286.a(eewr_byte.o)
                                                  /usr/lib/gcc/avr/11.1.0/../../../../avr/lib/avr51/libat90usb1286.a(eewr_word.o)
                                                  obj_modelm_pjrc/common/avr/eeconfig.o
eeprom_write_r18                                  /usr/lib/gcc/avr/11.1.0/../../../../avr/lib/avr51/libat90usb1286.a(eewr_byte.o)
                                                  /usr/lib/gcc/avr/11.1.0/../../../../avr/lib/avr51/libat90usb1286.a(eewr_word.o)
eeprom_write_word                                 /usr/lib/gcc/avr/11.1.0/../../../../avr/lib/avr51/libat90usb1286.a(eewr_word.o)
                                                  obj_modelm_pjrc/common/avr/eeconfig.o
exit                                              /usr/lib/gcc/avr/11.1.0/avr51/libgcc.a(_exit.o)
                                                  /usr/lib/gcc/avr/11.1.0/../../../../avr/lib/avr51/crtat90usb1286.o
get_first_key                                     obj_modelm_pjrc/common/action_util.o
get_mods                                          obj_modelm_pjrc/common/action_util.o
                                                  obj_modelm_pjrc/common/action_macro.o
                                                  obj_modelm_pjrc/common/action.o
get_weak_mods                                     obj_modelm_pjrc/common/action_util.o
has_anykey                                        obj_modelm_pjrc/common/action_util.o